1/16 t^{o0,o1,o2,o3}_{v0,v1,v2,v3} v^{v2,v3}_{o2,o3} a+(v0) a+(v1) a-(o1) a-(o0)
+1/192 t^{o0,o1,o2,o3}_{v0,v1,v2,v3} v^{v4,v5}_{o2,o3} a+(v0) a+(v1) a+(v2) a+(v3) a-(v5) a-(v4) a-(o1) a-(o0)
-1/288 t^{o0,o1,o2,o3}_{v0,v1,v2,v3} v^{v5,v6}_{o3,v4} a+(v0) a+(v1) a+(v2) a+(v3) a+(v4) a-(v6) a-(v5) a-(o2) a-(o1) a-(o0)
+1/2304 t^{o0,o1,o2,o3}_{v0,v1,v2,v3} v^{o6,o7}_{o4,o5} a+(o4) a+(o5) a+(v0) a+(v1) a+(v2) a+(v3) a-(o7) a-(o6) a-(o3) a-(o2) a-(o1) a-(o0)
-1/288 t^{o0,o1,o2,o3}_{v0,v1,v2,v3} v^{o6,v3}_{o4,o5} a+(o4) a+(o5) a+(v0) a+(v1) a+(v2) a-(o6) a-(o3) a-(o2) a-(o1) a-(o0)
+1/1152 t^{o0,o1,o2,o3}_{v0,v1,v2,v3} v^{o6,v4}_{o4,o5} a+(o4) a+(o5) a+(v0) a+(v1) a+(v2) a+(v3) a-(v4) a-(o6) a-(o3) a-(o2) a-(o1) a-(o0)
+1/192 t^{o0,o1,o2,o3}_{v0,v1,v2,v3} v^{v2,v3}_{o4,o5} a+(o4) a+(o5) a+(v0) a+(v1) a-(o3) a-(o2) a-(o1) a-(o0)
+1/2304 t^{o0,o1,o2,o3}_{v0,v1,v2,v3} v^{v4,v5}_{o4,o5} a+(o4) a+(o5) a+(v0) a+(v1) a+(v2) a+(v3) a-(v5) a-(v4) a-(o3) a-(o2) a-(o1) a-(o0)
+1/1152 t^{o0,o1,o2,o3}_{v0,v1,v2,v3} v^{o5,o6}_{o4,v4} a+(o4) a+(v0) a+(v1) a+(v2) a+(v3) a+(v4) a-(o6) a-(o5) a-(o3) a-(o2) a-(o1) a-(o0)
+1/576 t^{o0,o1,o2,o3}_{v0,v1,v2,v3} v^{o5,v5}_{o4,v4} a+(o4) a+(v0) a+(v1) a+(v2) a+(v3) a+(v4) a-(v5) a-(o5) a-(o3) a-(o2) a-(o1) a-(o0)
+1/1152 t^{o0,o1,o2,o3}_{v0,v1,v2,v3} v^{v5,v6}_{o4,v4} a+(o4) a+(v0) a+(v1) a+(v2) a+(v3) a+(v4) a-(v6) a-(v5) a-(o3) a-(o2) a-(o1) a-(o0)
+1/2304 t^{o0,o1,o2,o3}_{v0,v1,v2,v3} v^{o4,o5}_{v4,v5} a+(v0) a+(v1) a+(v2) a+(v3) a+(v4) a+(v5) a-(o5) a-(o4) a-(o3) a-(o2) a-(o1) a-(o0)
+1/1152 t^{o0,o1,o2,o3}_{v0,v1,v2,v3} v^{o4,v6}_{v4,v5} a+(v0) a+(v1) a+(v2) a+(v3) a+(v4) a+(v5) a-(v6) a-(o4) a-(o3) a-(o2) a-(o1) a-(o0)
+1/2304 t^{o0,o1,o2,o3}_{v0,v1,v2,v3} v^{v6,v7}_{v4,v5} a+(v0) a+(v1) a+(v2) a+(v3) a+(v4) a+(v5) a-(v7) a-(v6) a-(o3) a-(o2) a-(o1) a-(o0)
+1/24 t^{o0,o1,o2,o4}_{v0,v1,v2,v3} v^{v2,v3}_{o3,o4} a+(o3) a+(v0) a+(v1) a-(o2) a-(o1) a-(o0)
+1/288 t^{o0,o1,o2,o4}_{v0,v1,v2,v3} v^{v4,v5}_{o3,o4} a+(o3) a+(v0) a+(v1) a+(v2) a+(v3) a-(v5) a-(v4) a-(o2) a-(o1) a-(o0)
-1/144 t^{o0,o1,o2,o4}_{v0,v1,v2,v3} v^{o3,v5}_{o4,v4} a+(v0) a+(v1) a+(v2) a+(v3) a+(v4) a-(v5) a-(o3) a-(o2) a-(o1) a-(o0)
-1/36 t^{o0,o1,o2,o5}_{v0,v1,v2,v3} v^{o4,v3}_{o3,o5} a+(o3) a+(v0) a+(v1) a+(v2) a-(o4) a-(o2) a-(o1) a-(o0)
+1/144 t^{o0,o1,o2,o5}_{v0,v1,v2,v3} v^{o4,v4}_{o3,o5} a+(o3) a+(v0) a+(v1) a+(v2) a+(v3) a-(v4) a-(o4) a-(o2) a-(o1) a-(o0)
-1/288 t^{o0,o1,o2,o5}_{v0,v1,v2,v3} v^{o3,o4}_{o5,v4} a+(v0) a+(v1) a+(v2) a+(v3) a+(v4) a-(o4) a-(o3) a-(o2) a-(o1) a-(o0)
+1/288 t^{o0,o1,o2,o6}_{v0,v1,v2,v3} v^{o4,o5}_{o3,o6} a+(o3) a+(v0) a+(v1) a+(v2) a+(v3) a-(o5) a-(o4) a-(o2) a-(o1) a-(o0)
-1/24 t^{o0,o1,o3,o4}_{v0,v1,v2,v3} v^{o2,v3}_{o3,o4} a+(v0) a+(v1) a+(v2) a-(o2) a-(o1) a-(o0)
+1/96 t^{o0,o1,o3,o4}_{v0,v1,v2,v3} v^{o2,v4}_{o3,o4} a+(v0) a+(v1) a+(v2) a+(v3) a-(v4) a-(o2) a-(o1) a-(o0)
+1/192 t^{o0,o1,o4,o5}_{v0,v1,v2,v3} v^{o2,o3}_{o4,o5} a+(v0) a+(v1) a+(v2) a+(v3) a-(o3) a-(o2) a-(o1) a-(o0)
-1/24 t^{o0,o1,o2,o3}_{v0,v1,v2,v4} v^{v3,v4}_{o2,o3} a+(v0) a+(v1) a+(v2) a-(v3) a-(o1) a-(o0)
-1/288 t^{o0,o1,o2,o3}_{v0,v1,v2,v4} v^{v3,v4}_{o4,o5} a+(o4) a+(o5) a+(v0) a+(v1) a+(v2) a-(v3) a-(o3) a-(o2) a-(o1) a-(o0)
+1/144 t^{o0,o1,o2,o3}_{v0,v1,v2,v4} v^{o5,v4}_{o4,v3} a+(o4) a+(v0) a+(v1) a+(v2) a+(v3) a-(o5) a-(o3) a-(o2) a-(o1) a-(o0)
-1/36 t^{o0,o1,o2,o4}_{v0,v1,v2,v4} v^{v3,v4}_{o3,o4} a+(o3) a+(v0) a+(v1) a+(v2) a-(v3) a-(o2) a-(o1) a-(o0)
-1/36 t^{o0,o1,o2,o4}_{v0,v1,v2,v4} v^{o3,v4}_{o4,v3} a+(v0) a+(v1) a+(v2) a+(v3) a-(o3) a-(o2) a-(o1) a-(o0)
-1/36 t^{o0,o1,o2,o3}_{v0,v1,v2,v5} v^{v4,v5}_{o3,v3} a+(v0) a+(v1) a+(v2) a+(v3) a-(v4) a-(o2) a-(o1) a-(o0)
+1/144 t^{o0,o1,o2,o3}_{v0,v1,v2,v5} v^{v4,v5}_{o4,v3} a+(o4) a+(v0) a+(v1) a+(v2) a+(v3) a-(v4) a-(o3) a-(o2) a-(o1) a-(o0)
-1/288 t^{o0,o1,o2,o3}_{v0,v1,v2,v5} v^{o4,v5}_{v3,v4} a+(v0) a+(v1) a+(v2) a+(v3) a+(v4) a-(o4) a-(o3) a-(o2) a-(o1) a-(o0)
-1/288 t^{o0,o1,o2,o3}_{v0,v1,v2,v6} v^{v5,v6}_{v3,v4} a+(v0) a+(v1) a+(v2) a+(v3) a+(v4) a-(v5) a-(o3) a-(o2) a-(o1) a-(o0)
-1/24 t^{o0,o1,o2,o3}_{v0,v1,v3,v4} v^{v3,v4}_{o3,v2} a+(v0) a+(v1) a+(v2) a-(o2) a-(o1) a-(o0)
+1/96 t^{o0,o1,o2,o3}_{v0,v1,v3,v4} v^{v3,v4}_{o4,v2} a+(o4) a+(v0) a+(v1) a+(v2) a-(o3) a-(o2) a-(o1) a-(o0)
+1/192 t^{o0,o1,o2,o3}_{v0,v1,v4,v5} v^{v4,v5}_{v2,v3} a+(v0) a+(v1) a+(v2) a+(v3) a-(o3) a-(o2) a-(o1) a-(o0)