1/576 f^{o1}_{o0} t^{o2,o3,o4,o5}_{v0,v1,v2,v3} a+(o0) a+(v0) a+(v1) a+(v2) a+(v3) a-(o5) a-(o4) a-(o3) a-(o2) a-(o1)
+1/576 f^{v0}_{o0} t^{o1,o2,o3,o4}_{v1,v2,v3,v4} a+(o0) a+(v1) a+(v2) a+(v3) a+(v4) a-(v0) a-(o4) a-(o3) a-(o2) a-(o1)
-1/144 f^{v3}_{o0} t^{o1,o2,o3,o4}_{v0,v1,v2,v3} a+(o0) a+(v0) a+(v1) a+(v2) a-(o4) a-(o3) a-(o2) a-(o1)
-1/144 f^{v0}_{o3} t^{o0,o1,o2,o3}_{v1,v2,v3,v4} a+(v1) a+(v2) a+(v3) a+(v4) a-(v0) a-(o2) a-(o1) a-(o0)
+1/36 f^{v3}_{o3} t^{o0,o1,o2,o3}_{v0,v1,v2,v3} a+(v0) a+(v1) a+(v2) a-(o2) a-(o1) a-(o0)
+1/144 f^{o0}_{o4} t^{o1,o2,o3,o4}_{v0,v1,v2,v3} a+(v0) a+(v1) a+(v2) a+(v3) a-(o3) a-(o2) a-(o1) a-(o0)
+1/576 f^{o0}_{v0} t^{o1,o2,o3,o4}_{v1,v2,v3,v4} a+(v0) a+(v1) a+(v2) a+(v3) a+(v4) a-(o4) a-(o3) a-(o2) a-(o1) a-(o0)
+1/576 f^{v1}_{v0} t^{o0,o1,o2,o3}_{v2,v3,v4,v5} a+(v0) a+(v2) a+(v3) a+(v4) a+(v5) a-(v1) a-(o3) a-(o2) a-(o1) a-(o0)
-1/144 f^{v4}_{v0} t^{o0,o1,o2,o3}_{v1,v2,v3,v4} a+(v0) a+(v1) a+(v2) a+(v3) a-(o3) a-(o2) a-(o1) a-(o0)