-1/8 eta1^{a2}_{a1} eta1^{a4}_{a3} gamma1^{a6}_{a5} t^{c0,c1}_{a4,v0} t^{c2,c3,a3,a5}_{a0,a2,v1,v2} v^{c4,a1}_{a6,v3} a+(a0) a+(v0) a+(v1) a+(v2) a+(v3) a-(c4) a-(c3) a-(c2) a-(c1) a-(c0)
-1/16 eta1^{a2}_{a1} lambda2^{a5,a6}_{a3,a4} t^{c0,c1}_{a0,v0} t^{c2,c3,a3,a4}_{a2,a6,v1,v2} v^{c4,a1}_{a5,v3} a+(a0) a+(v0) a+(v1) a+(v2) a+(v3) a-(c4) a-(c3) a-(c2) a-(c1) a-(c0)
+1/8 eta1^{a2}_{a1} lambda2^{a5,a6}_{a3,a4} t^{c0,c1}_{a2,v0} t^{c2,c3,a1,a4}_{a0,a5,v1,v2} v^{c4,a3}_{a6,v3} a+(a0) a+(v0) a+(v1) a+(v2) a+(v3) a-(c4) a-(c3) a-(c2) a-(c1) a-(c0)
-1/16 eta1^{a2}_{a1} lambda2^{a5,a6}_{a3,a4} t^{c0,c1}_{a2,v0} t^{c2,c3,a3,a4}_{a0,a5,v1,v2} v^{c4,a1}_{a6,v3} a+(a0) a+(v0) a+(v1) a+(v2) a+(v3) a-(c4) a-(c3) a-(c2) a-(c1) a-(c0)
+1/16 eta1^{a2}_{a1} lambda2^{a5,a6}_{a3,a4} t^{c0,c1}_{a2,v0} t^{c2,c3,a1,a4}_{a5,a6,v1,v2} v^{c4,a3}_{a0,v3} a+(a0) a+(v0) a+(v1) a+(v2) a+(v3) a-(c4) a-(c3) a-(c2) a-(c1) a-(c0)
+1/16 eta1^{a2}_{a1} lambda2^{a5,a6}_{a3,a4} t^{c0,c1}_{a5,v0} t^{c2,c3,a3,a4}_{a0,a2,v1,v2} v^{c4,a1}_{a6,v3} a+(a0) a+(v0) a+(v1) a+(v2) a+(v3) a-(c4) a-(c3) a-(c2) a-(c1) a-(c0)
+1/16 eta1^{a2}_{a1} lambda2^{a5,a6}_{a3,a4} t^{c0,c1}_{a5,v0} t^{c2,c3,a3,a4}_{a2,a6,v1,v2} v^{c4,a1}_{a0,v3} a+(a0) a+(v0) a+(v1) a+(v2) a+(v3) a-(c4) a-(c3) a-(c2) a-(c1) a-(c0)
+1/8 eta1^{a4}_{a3} eta1^{a6}_{a5} t^{c0,c1}_{a6,v0} t^{c2,c3,a1,a5}_{a0,a4,v1,v2} v^{c4,a3}_{a2,v3} a+(a0) a+(a2) a+(v0) a+(v1) a+(v2) a+(v3) a-(a1) a-(c4) a-(c3) a-(c2) a-(c1) a-(c0)
-1/8 eta1^{a4}_{a3} gamma1^{a6}_{a5} t^{c0,c1}_{a0,v0} t^{c2,c3,a2,a5}_{a1,a4,v1,v2} v^{c4,a3}_{a6,v3} a+(a0) a+(a1) a+(v0) a+(v1) a+(v2) a+(v3) a-(a2) a-(c4) a-(c3) a-(c2) a-(c1) a-(c0)
-1/16 eta1^{a4}_{a3} gamma1^{a6}_{a5} t^{c0,c1}_{a4,v0} t^{c2,c3,a2,a5}_{a0,a1,v1,v2} v^{c4,a3}_{a6,v3} a+(a0) a+(a1) a+(v0) a+(v1) a+(v2) a+(v3) a-(a2) a-(c4) a-(c3) a-(c2) a-(c1) a-(c0)
+1/16 eta1^{a4}_{a3} gamma1^{a6}_{a5} t^{c0,c1}_{a4,v0} t^{c2,c3,a3,a5}_{a0,a1,v1,v2} v^{c4,a2}_{a6,v3} a+(a0) a+(a1) a+(v0) a+(v1) a+(v2) a+(v3) a-(a2) a-(c4) a-(c3) a-(c2) a-(c1) a-(c0)
-1/16 eta1^{a6}_{a5} t^{c0,c1}_{a0,v0} t^{c2,c3,a2,a3}_{a1,a6,v1,v2} v^{c4,a5}_{a4,v3} a+(a0) a+(a1) a+(a4) a+(v0) a+(v1) a+(v2) a+(v3) a-(a3) a-(a2) a-(c4) a-(c3) a-(c2) a-(c1) a-(c0)
-1/32 eta1^{a6}_{a5} t^{c0,c1}_{a6,v0} t^{c2,c3,a2,a3}_{a0,a1,v1,v2} v^{c4,a5}_{a4,v3} a+(a0) a+(a1) a+(a4) a+(v0) a+(v1) a+(v2) a+(v3) a-(a3) a-(a2) a-(c4) a-(c3) a-(c2) a-(c1) a-(c0)
+1/16 eta1^{a6}_{a5} t^{c0,c1}_{a6,v0} t^{c2,c3,a2,a5}_{a0,a1,v1,v2} v^{c4,a4}_{a3,v3} a+(a0) a+(a1) a+(a3) a+(v0) a+(v1) a+(v2) a+(v3) a-(a4) a-(a2) a-(c4) a-(c3) a-(c2) a-(c1) a-(c0)
-1/16 gamma1^{a2}_{a1} lambda2^{a5,a6}_{a3,a4} t^{c0,c1}_{a0,v0} t^{c2,c3,a1,a3}_{a5,a6,v1,v2} v^{c4,a4}_{a2,v3} a+(a0) a+(v0) a+(v1) a+(v2) a+(v3) a-(c4) a-(c3) a-(c2) a-(c1) a-(c0)
+1/8 gamma1^{a2}_{a1} lambda2^{a5,a6}_{a3,a4} t^{c0,c1}_{a5,v0} t^{c2,c3,a1,a3}_{a0,a6,v1,v2} v^{c4,a4}_{a2,v3} a+(a0) a+(v0) a+(v1) a+(v2) a+(v3) a-(c4) a-(c3) a-(c2) a-(c1) a-(c0)
+1/16 gamma1^{a6}_{a5} t^{c0,c1}_{a0,v0} t^{c2,c3,a3,a5}_{a1,a2,v1,v2} v^{c4,a4}_{a6,v3} a+(a0) a+(a1) a+(a2) a+(v0) a+(v1) a+(v2) a+(v3) a-(a4) a-(a3) a-(c4) a-(c3) a-(c2) a-(c1) a-(c0)
+1/8 lambda2^{a5,a6}_{a3,a4} t^{c0,c1}_{a0,v0} t^{c2,c3,a2,a4}_{a1,a5,v1,v2} v^{c4,a3}_{a6,v3} a+(a0) a+(a1) a+(v0) a+(v1) a+(v2) a+(v3) a-(a2) a-(c4) a-(c3) a-(c2) a-(c1) a-(c0)
-1/16 lambda2^{a5,a6}_{a3,a4} t^{c0,c1}_{a0,v0} t^{c2,c3,a3,a4}_{a1,a5,v1,v2} v^{c4,a2}_{a6,v3} a+(a0) a+(a1) a+(v0) a+(v1) a+(v2) a+(v3) a-(a2) a-(c4) a-(c3) a-(c2) a-(c1) a-(c0)
+1/16 lambda2^{a5,a6}_{a3,a4} t^{c0,c1}_{a0,v0} t^{c2,c3,a1,a4}_{a5,a6,v1,v2} v^{c4,a3}_{a2,v3} a+(a0) a+(a2) a+(v0) a+(v1) a+(v2) a+(v3) a-(a1) a-(c4) a-(c3) a-(c2) a-(c1) a-(c0)
+1/16 lambda2^{a5,a6}_{a3,a4} t^{c0,c1}_{a5,v0} t^{c2,c3,a2,a4}_{a0,a1,v1,v2} v^{c4,a3}_{a6,v3} a+(a0) a+(a1) a+(v0) a+(v1) a+(v2) a+(v3) a-(a2) a-(c4) a-(c3) a-(c2) a-(c1) a-(c0)
-1/32 lambda2^{a5,a6}_{a3,a4} t^{c0,c1}_{a5,v0} t^{c2,c3,a3,a4}_{a0,a1,v1,v2} v^{c4,a2}_{a6,v3} a+(a0) a+(a1) a+(v0) a+(v1) a+(v2) a+(v3) a-(a2) a-(c4) a-(c3) a-(c2) a-(c1) a-(c0)
-1/8 lambda2^{a5,a6}_{a3,a4} t^{c0,c1}_{a5,v0} t^{c2,c3,a1,a4}_{a0,a6,v1,v2} v^{c4,a3}_{a2,v3} a+(a0) a+(a2) a+(v0) a+(v1) a+(v2) a+(v3) a-(a1) a-(c4) a-(c3) a-(c2) a-(c1) a-(c0)
+1/16 lambda2^{a5,a6}_{a3,a4} t^{c0,c1}_{a5,v0} t^{c2,c3,a3,a4}_{a0,a6,v1,v2} v^{c4,a2}_{a1,v3} a+(a0) a+(a1) a+(v0) a+(v1) a+(v2) a+(v3) a-(a2) a-(c4) a-(c3) a-(c2) a-(c1) a-(c0)
-1/32 lambda3^{a4,a5,a6}_{a1,a2,a3} t^{c0,c1}_{a0,v0} t^{c2,c3,a2,a3}_{a4,a5,v1,v2} v^{c4,a1}_{a6,v3} a+(a0) a+(v0) a+(v1) a+(v2) a+(v3) a-(c4) a-(c3) a-(c2) a-(c1) a-(c0)
+1/16 lambda3^{a4,a5,a6}_{a1,a2,a3} t^{c0,c1}_{a4,v0} t^{c2,c3,a2,a3}_{a0,a5,v1,v2} v^{c4,a1}_{a6,v3} a+(a0) a+(v0) a+(v1) a+(v2) a+(v3) a-(c4) a-(c3) a-(c2) a-(c1) a-(c0)
+1/32 lambda3^{a4,a5,a6}_{a1,a2,a3} t^{c0,c1}_{a4,v0} t^{c2,c3,a2,a3}_{a5,a6,v1,v2} v^{c4,a1}_{a0,v3} a+(a0) a+(v0) a+(v1) a+(v2) a+(v3) a-(c4) a-(c3) a-(c2) a-(c1) a-(c0)
-1/32 t^{c0,c1}_{a0,v0} t^{c2,c3,a3,a4}_{a1,a2,v1,v2} v^{c4,a6}_{a5,v3} a+(a0) a+(a1) a+(a2) a+(a5) a+(v0) a+(v1) a+(v2) a+(v3) a-(a6) a-(a4) a-(a3) a-(c4) a-(c3) a-(c2) a-(c1) a-(c0)