1/4608 t^{o0,o1,o2,o3}_{v0,v1,v2,v3} t^{o4,o5,o6,o7}_{v4,v5,v6,v7} v^{v6,v7}_{o6,o7} a+(v0) a+(v1) a+(v2) a+(v3) a+(v4) a+(v5) a-(o5) a-(o4) a-(o3) a-(o2) a-(o1) a-(o0)
+1/55296 t^{o0,o1,o2,o3}_{v0,v1,v2,v3} t^{o4,o5,o6,o7}_{v4,v5,v6,v7} v^{v8,v9}_{o6,o7} a+(v0) a+(v1) a+(v2) a+(v3) a+(v4) a+(v5) a+(v6) a+(v7) a-(v9) a-(v8) a-(o5) a-(o4) a-(o3) a-(o2) a-(o1) a-(o0)
-1/82944 t^{o0,o1,o2,o3}_{v0,v1,v2,v3} t^{o4,o5,o6,o7}_{v4,v5,v6,v7} v^{v9,v10}_{o7,v8} a+(v0) a+(v1) a+(v2) a+(v3) a+(v4) a+(v5) a+(v6) a+(v7) a+(v8) a-(v10) a-(v9) a-(o6) a-(o5) a-(o4) a-(o3) a-(o2) a-(o1) a-(o0)
+1/1327104 t^{o0,o1,o2,o3}_{v0,v1,v2,v3} t^{o4,o5,o6,o7}_{v4,v5,v6,v7} v^{o10,o11}_{o8,o9} a+(o8) a+(o9) a+(v0) a+(v1) a+(v2) a+(v3) a+(v4) a+(v5) a+(v6) a+(v7) a-(o11) a-(o10) a-(o7) a-(o6) a-(o5) a-(o4) a-(o3) a-(o2) a-(o1) a-(o0)
-1/82944 t^{o0,o1,o2,o3}_{v0,v1,v2,v3} t^{o4,o5,o6,o7}_{v4,v5,v6,v7} v^{o10,v7}_{o8,o9} a+(o8) a+(o9) a+(v0) a+(v1) a+(v2) a+(v3) a+(v4) a+(v5) a+(v6) a-(o10) a-(o7) a-(o6) a-(o5) a-(o4) a-(o3) a-(o2) a-(o1) a-(o0)
+1/663552 t^{o0,o1,o2,o3}_{v0,v1,v2,v3} t^{o4,o5,o6,o7}_{v4,v5,v6,v7} v^{o10,v8}_{o8,o9} a+(o8) a+(o9) a+(v0) a+(v1) a+(v2) a+(v3) a+(v4) a+(v5) a+(v6) a+(v7) a-(v8) a-(o10) a-(o7) a-(o6) a-(o5) a-(o4) a-(o3) a-(o2) a-(o1) a-(o0)
+1/55296 t^{o0,o1,o2,o3}_{v0,v1,v2,v3} t^{o4,o5,o6,o7}_{v4,v5,v6,v7} v^{v6,v7}_{o8,o9} a+(o8) a+(o9) a+(v0) a+(v1) a+(v2) a+(v3) a+(v4) a+(v5) a-(o7) a-(o6) a-(o5) a-(o4) a-(o3) a-(o2) a-(o1) a-(o0)
+1/1327104 t^{o0,o1,o2,o3}_{v0,v1,v2,v3} t^{o4,o5,o6,o7}_{v4,v5,v6,v7} v^{v8,v9}_{o8,o9} a+(o8) a+(o9) a+(v0) a+(v1) a+(v2) a+(v3) a+(v4) a+(v5) a+(v6) a+(v7) a-(v9) a-(v8) a-(o7) a-(o6) a-(o5) a-(o4) a-(o3) a-(o2) a-(o1) a-(o0)
+1/663552 t^{o0,o1,o2,o3}_{v0,v1,v2,v3} t^{o4,o5,o6,o7}_{v4,v5,v6,v7} v^{o9,o10}_{o8,v8} a+(o8) a+(v0) a+(v1) a+(v2) a+(v3) a+(v4) a+(v5) a+(v6) a+(v7) a+(v8) a-(o10) a-(o9) a-(o7) a-(o6) a-(o5) a-(o4) a-(o3) a-(o2) a-(o1) a-(o0)
+1/331776 t^{o0,o1,o2,o3}_{v0,v1,v2,v3} t^{o4,o5,o6,o7}_{v4,v5,v6,v7} v^{o9,v9}_{o8,v8} a+(o8) a+(v0) a+(v1) a+(v2) a+(v3) a+(v4) a+(v5) a+(v6) a+(v7) a+(v8) a-(v9) a-(o9) a-(o7) a-(o6) a-(o5) a-(o4) a-(o3) a-(o2) a-(o1) a-(o0)
+1/663552 t^{o0,o1,o2,o3}_{v0,v1,v2,v3} t^{o4,o5,o6,o7}_{v4,v5,v6,v7} v^{v9,v10}_{o8,v8} a+(o8) a+(v0) a+(v1) a+(v2) a+(v3) a+(v4) a+(v5) a+(v6) a+(v7) a+(v8) a-(v10) a-(v9) a-(o7) a-(o6) a-(o5) a-(o4) a-(o3) a-(o2) a-(o1) a-(o0)
+1/1327104 t^{o0,o1,o2,o3}_{v0,v1,v2,v3} t^{o4,o5,o6,o7}_{v4,v5,v6,v7} v^{o8,o9}_{v8,v9} a+(v0) a+(v1) a+(v2) a+(v3) a+(v4) a+(v5) a+(v6) a+(v7) a+(v8) a+(v9) a-(o9) a-(o8) a-(o7) a-(o6) a-(o5) a-(o4) a-(o3) a-(o2) a-(o1) a-(o0)
+1/663552 t^{o0,o1,o2,o3}_{v0,v1,v2,v3} t^{o4,o5,o6,o7}_{v4,v5,v6,v7} v^{o8,v10}_{v8,v9} a+(v0) a+(v1) a+(v2) a+(v3) a+(v4) a+(v5) a+(v6) a+(v7) a+(v8) a+(v9) a-(v10) a-(o8) a-(o7) a-(o6) a-(o5) a-(o4) a-(o3) a-(o2) a-(o1) a-(o0)
+1/1327104 t^{o0,o1,o2,o3}_{v0,v1,v2,v3} t^{o4,o5,o6,o7}_{v4,v5,v6,v7} v^{v10,v11}_{v8,v9} a+(v0) a+(v1) a+(v2) a+(v3) a+(v4) a+(v5) a+(v6) a+(v7) a+(v8) a+(v9) a-(v11) a-(v10) a-(o7) a-(o6) a-(o5) a-(o4) a-(o3) a-(o2) a-(o1) a-(o0)
+1/6912 t^{o0,o1,o2,o3}_{v0,v1,v2,v3} t^{o4,o5,o6,o8}_{v4,v5,v6,v7} v^{v6,v7}_{o7,o8} a+(o7) a+(v0) a+(v1) a+(v2) a+(v3) a+(v4) a+(v5) a-(o6) a-(o5) a-(o4) a-(o3) a-(o2) a-(o1) a-(o0)
+1/82944 t^{o0,o1,o2,o3}_{v0,v1,v2,v3} t^{o4,o5,o6,o8}_{v4,v5,v6,v7} v^{v8,v9}_{o7,o8} a+(o7) a+(v0) a+(v1) a+(v2) a+(v3) a+(v4) a+(v5) a+(v6) a+(v7) a-(v9) a-(v8) a-(o6) a-(o5) a-(o4) a-(o3) a-(o2) a-(o1) a-(o0)
-1/41472 t^{o0,o1,o2,o3}_{v0,v1,v2,v3} t^{o4,o5,o6,o8}_{v4,v5,v6,v7} v^{o7,v9}_{o8,v8} a+(v0) a+(v1) a+(v2) a+(v3) a+(v4) a+(v5) a+(v6) a+(v7) a+(v8) a-(v9) a-(o7) a-(o6) a-(o5) a-(o4) a-(o3) a-(o2) a-(o1) a-(o0)
-1/10368 t^{o0,o1,o2,o3}_{v0,v1,v2,v3} t^{o4,o5,o6,o9}_{v4,v5,v6,v7} v^{o8,v7}_{o7,o9} a+(o7) a+(v0) a+(v1) a+(v2) a+(v3) a+(v4) a+(v5) a+(v6) a-(o8) a-(o6) a-(o5) a-(o4) a-(o3) a-(o2) a-(o1) a-(o0)
+1/41472 t^{o0,o1,o2,o3}_{v0,v1,v2,v3} t^{o4,o5,o6,o9}_{v4,v5,v6,v7} v^{o8,v8}_{o7,o9} a+(o7) a+(v0) a+(v1) a+(v2) a+(v3) a+(v4) a+(v5) a+(v6) a+(v7) a-(v8) a-(o8) a-(o6) a-(o5) a-(o4) a-(o3) a-(o2) a-(o1) a-(o0)
-1/82944 t^{o0,o1,o2,o3}_{v0,v1,v2,v3} t^{o4,o5,o6,o9}_{v4,v5,v6,v7} v^{o7,o8}_{o9,v8} a+(v0) a+(v1) a+(v2) a+(v3) a+(v4) a+(v5) a+(v6) a+(v7) a+(v8) a-(o8) a-(o7) a-(o6) a-(o5) a-(o4) a-(o3) a-(o2) a-(o1) a-(o0)
+1/82944 t^{o0,o1,o2,o3}_{v0,v1,v2,v3} t^{o4,o5,o6,o10}_{v4,v5,v6,v7} v^{o8,o9}_{o7,o10} a+(o7) a+(v0) a+(v1) a+(v2) a+(v3) a+(v4) a+(v5) a+(v6) a+(v7) a-(o9) a-(o8) a-(o6) a-(o5) a-(o4) a-(o3) a-(o2) a-(o1) a-(o0)
-1/6912 t^{o0,o1,o2,o3}_{v0,v1,v2,v3} t^{o4,o5,o7,o8}_{v4,v5,v6,v7} v^{o6,v7}_{o7,o8} a+(v0) a+(v1) a+(v2) a+(v3) a+(v4) a+(v5) a+(v6) a-(o6) a-(o5) a-(o4) a-(o3) a-(o2) a-(o1) a-(o0)
+1/27648 t^{o0,o1,o2,o3}_{v0,v1,v2,v3} t^{o4,o5,o7,o8}_{v4,v5,v6,v7} v^{o6,v8}_{o7,o8} a+(v0) a+(v1) a+(v2) a+(v3) a+(v4) a+(v5) a+(v6) a+(v7) a-(v8) a-(o6) a-(o5) a-(o4) a-(o3) a-(o2) a-(o1) a-(o0)
+1/55296 t^{o0,o1,o2,o3}_{v0,v1,v2,v3} t^{o4,o5,o8,o9}_{v4,v5,v6,v7} v^{o6,o7}_{o8,o9} a+(v0) a+(v1) a+(v2) a+(v3) a+(v4) a+(v5) a+(v6) a+(v7) a-(o7) a-(o6) a-(o5) a-(o4) a-(o3) a-(o2) a-(o1) a-(o0)
-1/6912 t^{o0,o1,o2,o3}_{v0,v1,v2,v3} t^{o4,o5,o6,o7}_{v4,v5,v6,v8} v^{v7,v8}_{o6,o7} a+(v0) a+(v1) a+(v2) a+(v3) a+(v4) a+(v5) a+(v6) a-(v7) a-(o5) a-(o4) a-(o3) a-(o2) a-(o1) a-(o0)
-1/82944 t^{o0,o1,o2,o3}_{v0,v1,v2,v3} t^{o4,o5,o6,o7}_{v4,v5,v6,v8} v^{v7,v8}_{o8,o9} a+(o8) a+(o9) a+(v0) a+(v1) a+(v2) a+(v3) a+(v4) a+(v5) a+(v6) a-(v7) a-(o7) a-(o6) a-(o5) a-(o4) a-(o3) a-(o2) a-(o1) a-(o0)
+1/41472 t^{o0,o1,o2,o3}_{v0,v1,v2,v3} t^{o4,o5,o6,o7}_{v4,v5,v6,v8} v^{o9,v8}_{o8,v7} a+(o8) a+(v0) a+(v1) a+(v2) a+(v3) a+(v4) a+(v5) a+(v6) a+(v7) a-(o9) a-(o7) a-(o6) a-(o5) a-(o4) a-(o3) a-(o2) a-(o1) a-(o0)
-1/10368 t^{o0,o1,o2,o3}_{v0,v1,v2,v3} t^{o4,o5,o6,o8}_{v4,v5,v6,v8} v^{v7,v8}_{o7,o8} a+(o7) a+(v0) a+(v1) a+(v2) a+(v3) a+(v4) a+(v5) a+(v6) a-(v7) a-(o6) a-(o5) a-(o4) a-(o3) a-(o2) a-(o1) a-(o0)
-1/10368 t^{o0,o1,o2,o3}_{v0,v1,v2,v3} t^{o4,o5,o6,o8}_{v4,v5,v6,v8} v^{o7,v8}_{o8,v7} a+(v0) a+(v1) a+(v2) a+(v3) a+(v4) a+(v5) a+(v6) a+(v7) a-(o7) a-(o6) a-(o5) a-(o4) a-(o3) a-(o2) a-(o1) a-(o0)
-1/10368 t^{o0,o1,o2,o3}_{v0,v1,v2,v3} t^{o4,o5,o6,o7}_{v4,v5,v6,v9} v^{v8,v9}_{o7,v7} a+(v0) a+(v1) a+(v2) a+(v3) a+(v4) a+(v5) a+(v6) a+(v7) a-(v8) a-(o6) a-(o5) a-(o4) a-(o3) a-(o2) a-(o1) a-(o0)
+1/41472 t^{o0,o1,o2,o3}_{v0,v1,v2,v3} t^{o4,o5,o6,o7}_{v4,v5,v6,v9} v^{v8,v9}_{o8,v7} a+(o8) a+(v0) a+(v1) a+(v2) a+(v3) a+(v4) a+(v5) a+(v6) a+(v7) a-(v8) a-(o7) a-(o6) a-(o5) a-(o4) a-(o3) a-(o2) a-(o1) a-(o0)
-1/82944 t^{o0,o1,o2,o3}_{v0,v1,v2,v3} t^{o4,o5,o6,o7}_{v4,v5,v6,v9} v^{o8,v9}_{v7,v8} a+(v0) a+(v1) a+(v2) a+(v3) a+(v4) a+(v5) a+(v6) a+(v7) a+(v8) a-(o8) a-(o7) a-(o6) a-(o5) a-(o4) a-(o3) a-(o2) a-(o1) a-(o0)
-1/82944 t^{o0,o1,o2,o3}_{v0,v1,v2,v3} t^{o4,o5,o6,o7}_{v4,v5,v6,v10} v^{v9,v10}_{v7,v8} a+(v0) a+(v1) a+(v2) a+(v3) a+(v4) a+(v5) a+(v6) a+(v7) a+(v8) a-(v9) a-(o7) a-(o6) a-(o5) a-(o4) a-(o3) a-(o2) a-(o1) a-(o0)
-1/6912 t^{o0,o1,o2,o3}_{v0,v1,v2,v3} t^{o4,o5,o6,o7}_{v4,v5,v7,v8} v^{v7,v8}_{o7,v6} a+(v0) a+(v1) a+(v2) a+(v3) a+(v4) a+(v5) a+(v6) a-(o6) a-(o5) a-(o4) a-(o3) a-(o2) a-(o1) a-(o0)
+1/27648 t^{o0,o1,o2,o3}_{v0,v1,v2,v3} t^{o4,o5,o6,o7}_{v4,v5,v7,v8} v^{v7,v8}_{o8,v6} a+(o8) a+(v0) a+(v1) a+(v2) a+(v3) a+(v4) a+(v5) a+(v6) a-(o7) a-(o6) a-(o5) a-(o4) a-(o3) a-(o2) a-(o1) a-(o0)
+1/55296 t^{o0,o1,o2,o3}_{v0,v1,v2,v3} t^{o4,o5,o6,o7}_{v4,v5,v8,v9} v^{v8,v9}_{v6,v7} a+(v0) a+(v1) a+(v2) a+(v3) a+(v4) a+(v5) a+(v6) a+(v7) a-(o7) a-(o6) a-(o5) a-(o4) a-(o3) a-(o2) a-(o1) a-(o0)
-1/1728 t^{o0,o1,o2,o6}_{v0,v1,v2,v3} t^{o3,o4,o5,o7}_{v4,v5,v6,v7} v^{v6,v7}_{o6,o7} a+(v0) a+(v1) a+(v2) a+(v3) a+(v4) a+(v5) a-(o5) a-(o4) a-(o3) a-(o2) a-(o1) a-(o0)
-1/41472 t^{o0,o1,o2,o6}_{v0,v1,v2,v3} t^{o3,o4,o5,o7}_{v4,v5,v6,v7} v^{v8,v9}_{o6,o7} a+(v0) a+(v1) a+(v2) a+(v3) a+(v4) a+(v5) a+(v6) a+(v7) a-(v9) a-(v8) a-(o5) a-(o4) a-(o3) a-(o2) a-(o1) a-(o0)
+1/2592 t^{o0,o1,o2,o6}_{v0,v1,v2,v3} t^{o3,o4,o5,o7}_{v4,v5,v6,v8} v^{v7,v8}_{o6,o7} a+(v0) a+(v1) a+(v2) a+(v3) a+(v4) a+(v5) a+(v6) a-(v7) a-(o5) a-(o4) a-(o3) a-(o2) a-(o1) a-(o0)
+1/2592 t^{o0,o1,o2,o7}_{v0,v1,v2,v3} t^{o3,o4,o5,o8}_{v4,v5,v6,v7} v^{o6,v7}_{o7,o8} a+(v0) a+(v1) a+(v2) a+(v3) a+(v4) a+(v5) a+(v6) a-(o6) a-(o5) a-(o4) a-(o3) a-(o2) a-(o1) a-(o0)
-1/20736 t^{o0,o1,o2,o7}_{v0,v1,v2,v3} t^{o3,o4,o5,o8}_{v4,v5,v6,v7} v^{o6,v8}_{o7,o8} a+(v0) a+(v1) a+(v2) a+(v3) a+(v4) a+(v5) a+(v6) a+(v7) a-(v8) a-(o6) a-(o5) a-(o4) a-(o3) a-(o2) a-(o1) a-(o0)
-1/10368 t^{o0,o1,o2,o7}_{v0,v1,v2,v3} t^{o3,o4,o5,o6}_{v4,v5,v6,v9} v^{v8,v9}_{o7,v7} a+(v0) a+(v1) a+(v2) a+(v3) a+(v4) a+(v5) a+(v6) a+(v7) a-(v8) a-(o6) a-(o5) a-(o4) a-(o3) a-(o2) a-(o1) a-(o0)
-1/6912 t^{o0,o1,o2,o7}_{v0,v1,v2,v3} t^{o3,o4,o5,o6}_{v4,v5,v7,v8} v^{v7,v8}_{o7,v6} a+(v0) a+(v1) a+(v2) a+(v3) a+(v4) a+(v5) a+(v6) a-(o6) a-(o5) a-(o4) a-(o3) a-(o2) a-(o1) a-(o0)
+1/6912 t^{o0,o1,o2,o8}_{v0,v1,v2,v3} t^{o3,o4,o5,o6}_{v4,v5,v6,v7} v^{v6,v7}_{o7,o8} a+(o7) a+(v0) a+(v1) a+(v2) a+(v3) a+(v4) a+(v5) a-(o6) a-(o5) a-(o4) a-(o3) a-(o2) a-(o1) a-(o0)
-1/41472 t^{o0,o1,o2,o8}_{v0,v1,v2,v3} t^{o3,o4,o5,o9}_{v4,v5,v6,v7} v^{o6,o7}_{o8,o9} a+(v0) a+(v1) a+(v2) a+(v3) a+(v4) a+(v5) a+(v6) a+(v7) a-(o7) a-(o6) a-(o5) a-(o4) a-(o3) a-(o2) a-(o1) a-(o0)
-1/10368 t^{o0,o1,o2,o8}_{v0,v1,v2,v3} t^{o3,o4,o5,o6}_{v4,v5,v6,v8} v^{v7,v8}_{o7,o8} a+(o7) a+(v0) a+(v1) a+(v2) a+(v3) a+(v4) a+(v5) a+(v6) a-(v7) a-(o6) a-(o5) a-(o4) a-(o3) a-(o2) a-(o1) a-(o0)
-1/10368 t^{o0,o1,o2,o8}_{v0,v1,v2,v3} t^{o3,o4,o5,o6}_{v4,v5,v6,v8} v^{o7,v8}_{o8,v7} a+(v0) a+(v1) a+(v2) a+(v3) a+(v4) a+(v5) a+(v6) a+(v7) a-(o7) a-(o6) a-(o5) a-(o4) a-(o3) a-(o2) a-(o1) a-(o0)
-1/10368 t^{o0,o1,o2,o9}_{v0,v1,v2,v3} t^{o3,o4,o5,o6}_{v4,v5,v6,v7} v^{o8,v7}_{o7,o9} a+(o7) a+(v0) a+(v1) a+(v2) a+(v3) a+(v4) a+(v5) a+(v6) a-(o8) a-(o6) a-(o5) a-(o4) a-(o3) a-(o2) a-(o1) a-(o0)
+1/4608 t^{o0,o1,o6,o7}_{v0,v1,v2,v3} t^{o2,o3,o4,o5}_{v4,v5,v6,v7} v^{v6,v7}_{o6,o7} a+(v0) a+(v1) a+(v2) a+(v3) a+(v4) a+(v5) a-(o5) a-(o4) a-(o3) a-(o2) a-(o1) a-(o0)
-1/6912 t^{o0,o1,o6,o7}_{v0,v1,v2,v3} t^{o2,o3,o4,o5}_{v4,v5,v6,v8} v^{v7,v8}_{o6,o7} a+(v0) a+(v1) a+(v2) a+(v3) a+(v4) a+(v5) a+(v6) a-(v7) a-(o5) a-(o4) a-(o3) a-(o2) a-(o1) a-(o0)
-1/6912 t^{o0,o1,o7,o8}_{v0,v1,v2,v3} t^{o2,o3,o4,o5}_{v4,v5,v6,v7} v^{o6,v7}_{o7,o8} a+(v0) a+(v1) a+(v2) a+(v3) a+(v4) a+(v5) a+(v6) a-(o6) a-(o5) a-(o4) a-(o3) a-(o2) a-(o1) a-(o0)
-1/1728 t^{o0,o1,o2,o3}_{v0,v1,v2,v6} t^{o4,o5,o6,o7}_{v3,v4,v5,v7} v^{v6,v7}_{o6,o7} a+(v0) a+(v1) a+(v2) a+(v3) a+(v4) a+(v5) a-(o5) a-(o4) a-(o3) a-(o2) a-(o1) a-(o0)
-1/41472 t^{o0,o1,o2,o3}_{v0,v1,v2,v6} t^{o4,o5,o6,o7}_{v3,v4,v5,v7} v^{v6,v7}_{o8,o9} a+(o8) a+(o9) a+(v0) a+(v1) a+(v2) a+(v3) a+(v4) a+(v5) a-(o7) a-(o6) a-(o5) a-(o4) a-(o3) a-(o2) a-(o1) a-(o0)
-1/2592 t^{o0,o1,o2,o3}_{v0,v1,v2,v6} t^{o4,o5,o6,o8}_{v3,v4,v5,v7} v^{v6,v7}_{o7,o8} a+(o7) a+(v0) a+(v1) a+(v2) a+(v3) a+(v4) a+(v5) a-(o6) a-(o5) a-(o4) a-(o3) a-(o2) a-(o1) a-(o0)
+1/1296 t^{o0,o1,o2,o6}_{v0,v1,v2,v6} t^{o3,o4,o5,o7}_{v3,v4,v5,v7} v^{v6,v7}_{o6,o7} a+(v0) a+(v1) a+(v2) a+(v3) a+(v4) a+(v5) a-(o5) a-(o4) a-(o3) a-(o2) a-(o1) a-(o0)
+1/2592 t^{o0,o1,o2,o3}_{v0,v1,v2,v7} t^{o4,o5,o6,o7}_{v3,v4,v5,v8} v^{v7,v8}_{o7,v6} a+(v0) a+(v1) a+(v2) a+(v3) a+(v4) a+(v5) a+(v6) a-(o6) a-(o5) a-(o4) a-(o3) a-(o2) a-(o1) a-(o0)
-1/20736 t^{o0,o1,o2,o3}_{v0,v1,v2,v7} t^{o4,o5,o6,o7}_{v3,v4,v5,v8} v^{v7,v8}_{o8,v6} a+(o8) a+(v0) a+(v1) a+(v2) a+(v3) a+(v4) a+(v5) a+(v6) a-(o7) a-(o6) a-(o5) a-(o4) a-(o3) a-(o2) a-(o1) a-(o0)
-1/41472 t^{o0,o1,o2,o3}_{v0,v1,v2,v8} t^{o4,o5,o6,o7}_{v3,v4,v5,v9} v^{v8,v9}_{v6,v7} a+(v0) a+(v1) a+(v2) a+(v3) a+(v4) a+(v5) a+(v6) a+(v7) a-(o7) a-(o6) a-(o5) a-(o4) a-(o3) a-(o2) a-(o1) a-(o0)