1/72 t^{o0,o1,o2}_{v0,v1,v2} t^{o3,o4,o5}_{v3,v4,v5} v^{v4,v5}_{o4,o5} a+(v0) a+(v1) a+(v2) a+(v3) a-(o3) a-(o2) a-(o1) a-(o0)
+1/432 t^{o0,o1,o2}_{v0,v1,v2} t^{o3,o4,o5}_{v3,v4,v5} v^{v6,v7}_{o4,o5} a+(v0) a+(v1) a+(v2) a+(v3) a+(v4) a+(v5) a-(v7) a-(v6) a-(o3) a-(o2) a-(o1) a-(o0)
-1/432 t^{o0,o1,o2}_{v0,v1,v2} t^{o3,o4,o5}_{v3,v4,v5} v^{v7,v8}_{o5,v6} a+(v0) a+(v1) a+(v2) a+(v3) a+(v4) a+(v5) a+(v6) a-(v8) a-(v7) a-(o4) a-(o3) a-(o2) a-(o1) a-(o0)
+1/5184 t^{o0,o1,o2}_{v0,v1,v2} t^{o3,o4,o5}_{v3,v4,v5} v^{o8,o9}_{o6,o7} a+(o6) a+(o7) a+(v0) a+(v1) a+(v2) a+(v3) a+(v4) a+(v5) a-(o9) a-(o8) a-(o5) a-(o4) a-(o3) a-(o2) a-(o1) a-(o0)
-1/432 t^{o0,o1,o2}_{v0,v1,v2} t^{o3,o4,o5}_{v3,v4,v5} v^{o8,v5}_{o6,o7} a+(o6) a+(o7) a+(v0) a+(v1) a+(v2) a+(v3) a+(v4) a-(o8) a-(o5) a-(o4) a-(o3) a-(o2) a-(o1) a-(o0)
+1/2592 t^{o0,o1,o2}_{v0,v1,v2} t^{o3,o4,o5}_{v3,v4,v5} v^{o8,v6}_{o6,o7} a+(o6) a+(o7) a+(v0) a+(v1) a+(v2) a+(v3) a+(v4) a+(v5) a-(v6) a-(o8) a-(o5) a-(o4) a-(o3) a-(o2) a-(o1) a-(o0)
+1/432 t^{o0,o1,o2}_{v0,v1,v2} t^{o3,o4,o5}_{v3,v4,v5} v^{v4,v5}_{o6,o7} a+(o6) a+(o7) a+(v0) a+(v1) a+(v2) a+(v3) a-(o5) a-(o4) a-(o3) a-(o2) a-(o1) a-(o0)
+1/5184 t^{o0,o1,o2}_{v0,v1,v2} t^{o3,o4,o5}_{v3,v4,v5} v^{v6,v7}_{o6,o7} a+(o6) a+(o7) a+(v0) a+(v1) a+(v2) a+(v3) a+(v4) a+(v5) a-(v7) a-(v6) a-(o5) a-(o4) a-(o3) a-(o2) a-(o1) a-(o0)
+1/2592 t^{o0,o1,o2}_{v0,v1,v2} t^{o3,o4,o5}_{v3,v4,v5} v^{o7,o8}_{o6,v6} a+(o6) a+(v0) a+(v1) a+(v2) a+(v3) a+(v4) a+(v5) a+(v6) a-(o8) a-(o7) a-(o5) a-(o4) a-(o3) a-(o2) a-(o1) a-(o0)
+1/1296 t^{o0,o1,o2}_{v0,v1,v2} t^{o3,o4,o5}_{v3,v4,v5} v^{o7,v7}_{o6,v6} a+(o6) a+(v0) a+(v1) a+(v2) a+(v3) a+(v4) a+(v5) a+(v6) a-(v7) a-(o7) a-(o5) a-(o4) a-(o3) a-(o2) a-(o1) a-(o0)
+1/2592 t^{o0,o1,o2}_{v0,v1,v2} t^{o3,o4,o5}_{v3,v4,v5} v^{v7,v8}_{o6,v6} a+(o6) a+(v0) a+(v1) a+(v2) a+(v3) a+(v4) a+(v5) a+(v6) a-(v8) a-(v7) a-(o5) a-(o4) a-(o3) a-(o2) a-(o1) a-(o0)
+1/5184 t^{o0,o1,o2}_{v0,v1,v2} t^{o3,o4,o5}_{v3,v4,v5} v^{o6,o7}_{v6,v7} a+(v0) a+(v1) a+(v2) a+(v3) a+(v4) a+(v5) a+(v6) a+(v7) a-(o7) a-(o6) a-(o5) a-(o4) a-(o3) a-(o2) a-(o1) a-(o0)
+1/2592 t^{o0,o1,o2}_{v0,v1,v2} t^{o3,o4,o5}_{v3,v4,v5} v^{o6,v8}_{v6,v7} a+(v0) a+(v1) a+(v2) a+(v3) a+(v4) a+(v5) a+(v6) a+(v7) a-(v8) a-(o6) a-(o5) a-(o4) a-(o3) a-(o2) a-(o1) a-(o0)
+1/5184 t^{o0,o1,o2}_{v0,v1,v2} t^{o3,o4,o5}_{v3,v4,v5} v^{v8,v9}_{v6,v7} a+(v0) a+(v1) a+(v2) a+(v3) a+(v4) a+(v5) a+(v6) a+(v7) a-(v9) a-(v8) a-(o5) a-(o4) a-(o3) a-(o2) a-(o1) a-(o0)
+1/72 t^{o0,o1,o2}_{v0,v1,v2} t^{o3,o4,o6}_{v3,v4,v5} v^{v4,v5}_{o5,o6} a+(o5) a+(v0) a+(v1) a+(v2) a+(v3) a-(o4) a-(o3) a-(o2) a-(o1) a-(o0)
+1/432 t^{o0,o1,o2}_{v0,v1,v2} t^{o3,o4,o6}_{v3,v4,v5} v^{v6,v7}_{o5,o6} a+(o5) a+(v0) a+(v1) a+(v2) a+(v3) a+(v4) a+(v5) a-(v7) a-(v6) a-(o4) a-(o3) a-(o2) a-(o1) a-(o0)
-1/216 t^{o0,o1,o2}_{v0,v1,v2} t^{o3,o4,o6}_{v3,v4,v5} v^{o5,v7}_{o6,v6} a+(v0) a+(v1) a+(v2) a+(v3) a+(v4) a+(v5) a+(v6) a-(v7) a-(o5) a-(o4) a-(o3) a-(o2) a-(o1) a-(o0)
-1/72 t^{o0,o1,o2}_{v0,v1,v2} t^{o3,o4,o7}_{v3,v4,v5} v^{o6,v5}_{o5,o7} a+(o5) a+(v0) a+(v1) a+(v2) a+(v3) a+(v4) a-(o6) a-(o4) a-(o3) a-(o2) a-(o1) a-(o0)
+1/216 t^{o0,o1,o2}_{v0,v1,v2} t^{o3,o4,o7}_{v3,v4,v5} v^{o6,v6}_{o5,o7} a+(o5) a+(v0) a+(v1) a+(v2) a+(v3) a+(v4) a+(v5) a-(v6) a-(o6) a-(o4) a-(o3) a-(o2) a-(o1) a-(o0)
-1/432 t^{o0,o1,o2}_{v0,v1,v2} t^{o3,o4,o7}_{v3,v4,v5} v^{o5,o6}_{o7,v6} a+(v0) a+(v1) a+(v2) a+(v3) a+(v4) a+(v5) a+(v6) a-(o6) a-(o5) a-(o4) a-(o3) a-(o2) a-(o1) a-(o0)
+1/432 t^{o0,o1,o2}_{v0,v1,v2} t^{o3,o4,o8}_{v3,v4,v5} v^{o6,o7}_{o5,o8} a+(o5) a+(v0) a+(v1) a+(v2) a+(v3) a+(v4) a+(v5) a-(o7) a-(o6) a-(o4) a-(o3) a-(o2) a-(o1) a-(o0)
-1/72 t^{o0,o1,o2}_{v0,v1,v2} t^{o3,o5,o6}_{v3,v4,v5} v^{o4,v5}_{o5,o6} a+(v0) a+(v1) a+(v2) a+(v3) a+(v4) a-(o4) a-(o3) a-(o2) a-(o1) a-(o0)
+1/216 t^{o0,o1,o2}_{v0,v1,v2} t^{o3,o5,o6}_{v3,v4,v5} v^{o4,v6}_{o5,o6} a+(v0) a+(v1) a+(v2) a+(v3) a+(v4) a+(v5) a-(v6) a-(o4) a-(o3) a-(o2) a-(o1) a-(o0)
+1/432 t^{o0,o1,o2}_{v0,v1,v2} t^{o3,o6,o7}_{v3,v4,v5} v^{o4,o5}_{o6,o7} a+(v0) a+(v1) a+(v2) a+(v3) a+(v4) a+(v5) a-(o5) a-(o4) a-(o3) a-(o2) a-(o1) a-(o0)
-1/72 t^{o0,o1,o2}_{v0,v1,v2} t^{o3,o4,o5}_{v3,v4,v6} v^{v5,v6}_{o4,o5} a+(v0) a+(v1) a+(v2) a+(v3) a+(v4) a-(v5) a-(o3) a-(o2) a-(o1) a-(o0)
-1/432 t^{o0,o1,o2}_{v0,v1,v2} t^{o3,o4,o5}_{v3,v4,v6} v^{v5,v6}_{o6,o7} a+(o6) a+(o7) a+(v0) a+(v1) a+(v2) a+(v3) a+(v4) a-(v5) a-(o5) a-(o4) a-(o3) a-(o2) a-(o1) a-(o0)
+1/216 t^{o0,o1,o2}_{v0,v1,v2} t^{o3,o4,o5}_{v3,v4,v6} v^{o7,v6}_{o6,v5} a+(o6) a+(v0) a+(v1) a+(v2) a+(v3) a+(v4) a+(v5) a-(o7) a-(o5) a-(o4) a-(o3) a-(o2) a-(o1) a-(o0)
-1/72 t^{o0,o1,o2}_{v0,v1,v2} t^{o3,o4,o6}_{v3,v4,v6} v^{v5,v6}_{o5,o6} a+(o5) a+(v0) a+(v1) a+(v2) a+(v3) a+(v4) a-(v5) a-(o4) a-(o3) a-(o2) a-(o1) a-(o0)
-1/72 t^{o0,o1,o2}_{v0,v1,v2} t^{o3,o4,o6}_{v3,v4,v6} v^{o5,v6}_{o6,v5} a+(v0) a+(v1) a+(v2) a+(v3) a+(v4) a+(v5) a-(o5) a-(o4) a-(o3) a-(o2) a-(o1) a-(o0)
-1/72 t^{o0,o1,o2}_{v0,v1,v2} t^{o3,o4,o5}_{v3,v4,v7} v^{v6,v7}_{o5,v5} a+(v0) a+(v1) a+(v2) a+(v3) a+(v4) a+(v5) a-(v6) a-(o4) a-(o3) a-(o2) a-(o1) a-(o0)
+1/216 t^{o0,o1,o2}_{v0,v1,v2} t^{o3,o4,o5}_{v3,v4,v7} v^{v6,v7}_{o6,v5} a+(o6) a+(v0) a+(v1) a+(v2) a+(v3) a+(v4) a+(v5) a-(v6) a-(o5) a-(o4) a-(o3) a-(o2) a-(o1) a-(o0)
-1/432 t^{o0,o1,o2}_{v0,v1,v2} t^{o3,o4,o5}_{v3,v4,v7} v^{o6,v7}_{v5,v6} a+(v0) a+(v1) a+(v2) a+(v3) a+(v4) a+(v5) a+(v6) a-(o6) a-(o5) a-(o4) a-(o3) a-(o2) a-(o1) a-(o0)
-1/432 t^{o0,o1,o2}_{v0,v1,v2} t^{o3,o4,o5}_{v3,v4,v8} v^{v7,v8}_{v5,v6} a+(v0) a+(v1) a+(v2) a+(v3) a+(v4) a+(v5) a+(v6) a-(v7) a-(o5) a-(o4) a-(o3) a-(o2) a-(o1) a-(o0)
-1/72 t^{o0,o1,o2}_{v0,v1,v2} t^{o3,o4,o5}_{v3,v5,v6} v^{v5,v6}_{o5,v4} a+(v0) a+(v1) a+(v2) a+(v3) a+(v4) a-(o4) a-(o3) a-(o2) a-(o1) a-(o0)
+1/216 t^{o0,o1,o2}_{v0,v1,v2} t^{o3,o4,o5}_{v3,v5,v6} v^{v5,v6}_{o6,v4} a+(o6) a+(v0) a+(v1) a+(v2) a+(v3) a+(v4) a-(o5) a-(o4) a-(o3) a-(o2) a-(o1) a-(o0)
+1/432 t^{o0,o1,o2}_{v0,v1,v2} t^{o3,o4,o5}_{v3,v6,v7} v^{v6,v7}_{v4,v5} a+(v0) a+(v1) a+(v2) a+(v3) a+(v4) a+(v5) a-(o5) a-(o4) a-(o3) a-(o2) a-(o1) a-(o0)
+1/24 t^{o0,o1,o4}_{v0,v1,v2} t^{o2,o3,o5}_{v3,v4,v5} v^{v4,v5}_{o4,o5} a+(v0) a+(v1) a+(v2) a+(v3) a-(o3) a-(o2) a-(o1) a-(o0)
+1/288 t^{o0,o1,o4}_{v0,v1,v2} t^{o2,o3,o5}_{v3,v4,v5} v^{v6,v7}_{o4,o5} a+(v0) a+(v1) a+(v2) a+(v3) a+(v4) a+(v5) a-(v7) a-(v6) a-(o3) a-(o2) a-(o1) a-(o0)
-1/24 t^{o0,o1,o4}_{v0,v1,v2} t^{o2,o3,o5}_{v3,v4,v6} v^{v5,v6}_{o4,o5} a+(v0) a+(v1) a+(v2) a+(v3) a+(v4) a-(v5) a-(o3) a-(o2) a-(o1) a-(o0)
-1/24 t^{o0,o1,o5}_{v0,v1,v2} t^{o2,o3,o6}_{v3,v4,v5} v^{o4,v5}_{o5,o6} a+(v0) a+(v1) a+(v2) a+(v3) a+(v4) a-(o4) a-(o3) a-(o2) a-(o1) a-(o0)
+1/144 t^{o0,o1,o5}_{v0,v1,v2} t^{o2,o3,o6}_{v3,v4,v5} v^{o4,v6}_{o5,o6} a+(v0) a+(v1) a+(v2) a+(v3) a+(v4) a+(v5) a-(v6) a-(o4) a-(o3) a-(o2) a-(o1) a-(o0)
+1/72 t^{o0,o1,o5}_{v0,v1,v2} t^{o2,o3,o4}_{v3,v4,v7} v^{v6,v7}_{o5,v5} a+(v0) a+(v1) a+(v2) a+(v3) a+(v4) a+(v5) a-(v6) a-(o4) a-(o3) a-(o2) a-(o1) a-(o0)
+1/72 t^{o0,o1,o5}_{v0,v1,v2} t^{o2,o3,o4}_{v3,v5,v6} v^{v5,v6}_{o5,v4} a+(v0) a+(v1) a+(v2) a+(v3) a+(v4) a-(o4) a-(o3) a-(o2) a-(o1) a-(o0)
-1/72 t^{o0,o1,o6}_{v0,v1,v2} t^{o2,o3,o4}_{v3,v4,v5} v^{v4,v5}_{o5,o6} a+(o5) a+(v0) a+(v1) a+(v2) a+(v3) a-(o4) a-(o3) a-(o2) a-(o1) a-(o0)
+1/288 t^{o0,o1,o6}_{v0,v1,v2} t^{o2,o3,o7}_{v3,v4,v5} v^{o4,o5}_{o6,o7} a+(v0) a+(v1) a+(v2) a+(v3) a+(v4) a+(v5) a-(o5) a-(o4) a-(o3) a-(o2) a-(o1) a-(o0)
+1/72 t^{o0,o1,o6}_{v0,v1,v2} t^{o2,o3,o4}_{v3,v4,v6} v^{v5,v6}_{o5,o6} a+(o5) a+(v0) a+(v1) a+(v2) a+(v3) a+(v4) a-(v5) a-(o4) a-(o3) a-(o2) a-(o1) a-(o0)
+1/72 t^{o0,o1,o6}_{v0,v1,v2} t^{o2,o3,o4}_{v3,v4,v6} v^{o5,v6}_{o6,v5} a+(v0) a+(v1) a+(v2) a+(v3) a+(v4) a+(v5) a-(o5) a-(o4) a-(o3) a-(o2) a-(o1) a-(o0)
+1/72 t^{o0,o1,o7}_{v0,v1,v2} t^{o2,o3,o4}_{v3,v4,v5} v^{o6,v5}_{o5,o7} a+(o5) a+(v0) a+(v1) a+(v2) a+(v3) a+(v4) a-(o6) a-(o4) a-(o3) a-(o2) a-(o1) a-(o0)
+1/72 t^{o0,o4,o5}_{v0,v1,v2} t^{o1,o2,o3}_{v3,v4,v5} v^{v4,v5}_{o4,o5} a+(v0) a+(v1) a+(v2) a+(v3) a-(o3) a-(o2) a-(o1) a-(o0)
-1/72 t^{o0,o4,o5}_{v0,v1,v2} t^{o1,o2,o3}_{v3,v4,v6} v^{v5,v6}_{o4,o5} a+(v0) a+(v1) a+(v2) a+(v3) a+(v4) a-(v5) a-(o3) a-(o2) a-(o1) a-(o0)
-1/72 t^{o0,o5,o6}_{v0,v1,v2} t^{o1,o2,o3}_{v3,v4,v5} v^{o4,v5}_{o5,o6} a+(v0) a+(v1) a+(v2) a+(v3) a+(v4) a-(o4) a-(o3) a-(o2) a-(o1) a-(o0)
+1/24 t^{o0,o1,o2}_{v0,v1,v4} t^{o3,o4,o5}_{v2,v3,v5} v^{v4,v5}_{o4,o5} a+(v0) a+(v1) a+(v2) a+(v3) a-(o3) a-(o2) a-(o1) a-(o0)
+1/288 t^{o0,o1,o2}_{v0,v1,v4} t^{o3,o4,o5}_{v2,v3,v5} v^{v4,v5}_{o6,o7} a+(o6) a+(o7) a+(v0) a+(v1) a+(v2) a+(v3) a-(o5) a-(o4) a-(o3) a-(o2) a-(o1) a-(o0)
+1/24 t^{o0,o1,o2}_{v0,v1,v4} t^{o3,o4,o6}_{v2,v3,v5} v^{v4,v5}_{o5,o6} a+(o5) a+(v0) a+(v1) a+(v2) a+(v3) a-(o4) a-(o3) a-(o2) a-(o1) a-(o0)
+1/16 t^{o0,o1,o4}_{v0,v1,v4} t^{o2,o3,o5}_{v2,v3,v5} v^{v4,v5}_{o4,o5} a+(v0) a+(v1) a+(v2) a+(v3) a-(o3) a-(o2) a-(o1) a-(o0)
-1/24 t^{o0,o1,o2}_{v0,v1,v5} t^{o3,o4,o5}_{v2,v3,v6} v^{v5,v6}_{o5,v4} a+(v0) a+(v1) a+(v2) a+(v3) a+(v4) a-(o4) a-(o3) a-(o2) a-(o1) a-(o0)
+1/144 t^{o0,o1,o2}_{v0,v1,v5} t^{o3,o4,o5}_{v2,v3,v6} v^{v5,v6}_{o6,v4} a+(o6) a+(v0) a+(v1) a+(v2) a+(v3) a+(v4) a-(o5) a-(o4) a-(o3) a-(o2) a-(o1) a-(o0)
+1/288 t^{o0,o1,o2}_{v0,v1,v6} t^{o3,o4,o5}_{v2,v3,v7} v^{v6,v7}_{v4,v5} a+(v0) a+(v1) a+(v2) a+(v3) a+(v4) a+(v5) a-(o5) a-(o4) a-(o3) a-(o2) a-(o1) a-(o0)