-1/16 eta1^{a3}_{a2} gamma1^{b2}_{b1} t^{c0,c1}_{a3,v0} t^{c2,c3,a2,b1}_{a0,b0,v1,v2} v^{c4,c5}_{a1,b2} a+(a0) a+(a1) a+(b0) a+(v0) a+(v1) a+(v2) a-(c5) a-(c4) a-(c3) a-(c2) a-(c1) a-(c0)
+1/16 eta1^{a3}_{a2} t^{c0,c1}_{a3,v0} t^{c2,c3,a2,b1}_{a0,b0,v1,v2} v^{c4,c5}_{a1,b2} a+(a0) a+(a1) a+(b0) a+(b2) a+(v0) a+(v1) a+(v2) a-(b1) a-(c5) a-(c4) a-(c3) a-(c2) a-(c1) a-(c0)
-1/16 gamma1^{a3}_{a2} t^{c0,c1}_{a0,v0} t^{c2,c3,a2,b1}_{a1,b0,v1,v2} v^{c4,c5}_{a3,b2} a+(a0) a+(a1) a+(b0) a+(b2) a+(v0) a+(v1) a+(v2) a-(b1) a-(c5) a-(c4) a-(c3) a-(c2) a-(c1) a-(c0)
+1/16 gamma1^{b2}_{b1} gamma1^{a3}_{a2} t^{c0,c1}_{a0,v0} t^{c2,c3,a2,b1}_{a1,b0,v1,v2} v^{c4,c5}_{a3,b2} a+(a0) a+(a1) a+(b0) a+(v0) a+(v1) a+(v2) a-(c5) a-(c4) a-(c3) a-(c2) a-(c1) a-(c0)
+1/16 gamma1^{b2}_{b1} t^{c0,c1}_{a0,v0} t^{c2,c3,a2,b1}_{a1,b0,v1,v2} v^{c4,c5}_{a3,b2} a+(a0) a+(a1) a+(a3) a+(b0) a+(v0) a+(v1) a+(v2) a-(a2) a-(c5) a-(c4) a-(c3) a-(c2) a-(c1) a-(c0)
-1/16 t^{c0,c1}_{a0,v0} t^{c2,c3,a2,b1}_{a1,b0,v1,v2} v^{c4,c5}_{a3,b2} a+(a0) a+(a1) a+(a3) a+(b0) a+(b2) a+(v0) a+(v1) a+(v2) a-(b1) a-(a2) a-(c5) a-(c4) a-(c3) a-(c2) a-(c1) a-(c0)