1/36 t^{o0}_{v0} t^{o1,o2,o3,o4}_{v1,v2,v3,v4} w^{v2,v3,v4}_{o2,o3,o4} a+(v0) a+(v1) a-(o1) a-(o0)
-1/864 t^{o0}_{v0} t^{o1,o2,o3,o4}_{v1,v2,v3,v4} w^{v5,v6,v7}_{o2,o3,o4} a+(v0) a+(v1) a+(v2) a+(v3) a+(v4) a-(v7) a-(v6) a-(v5) a-(o1) a-(o0)
+1/576 t^{o0}_{v0} t^{o1,o2,o3,o4}_{v1,v2,v3,v4} w^{v6,v7,v8}_{o3,o4,v5} a+(v0) a+(v1) a+(v2) a+(v3) a+(v4) a+(v5) a-(v8) a-(v7) a-(v6) a-(o2) a-(o1) a-(o0)
-1/1728 t^{o0}_{v0} t^{o1,o2,o3,o4}_{v1,v2,v3,v4} w^{v7,v8,v9}_{o4,v5,v6} a+(v0) a+(v1) a+(v2) a+(v3) a+(v4) a+(v5) a+(v6) a-(v9) a-(v8) a-(v7) a-(o3) a-(o2) a-(o1) a-(o0)
-1/20736 t^{o0}_{v0} t^{o1,o2,o3,o4}_{v1,v2,v3,v4} w^{o8,o9,o10}_{o5,o6,o7} a+(o5) a+(o6) a+(o7) a+(v0) a+(v1) a+(v2) a+(v3) a+(v4) a-(o10) a-(o9) a-(o8) a-(o4) a-(o3) a-(o2) a-(o1) a-(o0)
+1/1728 t^{o0}_{v0} t^{o1,o2,o3,o4}_{v1,v2,v3,v4} w^{o8,o9,v4}_{o5,o6,o7} a+(o5) a+(o6) a+(o7) a+(v0) a+(v1) a+(v2) a+(v3) a-(o9) a-(o8) a-(o4) a-(o3) a-(o2) a-(o1) a-(o0)
-1/6912 t^{o0}_{v0} t^{o1,o2,o3,o4}_{v1,v2,v3,v4} w^{o8,o9,v5}_{o5,o6,o7} a+(o5) a+(o6) a+(o7) a+(v0) a+(v1) a+(v2) a+(v3) a+(v4) a-(v5) a-(o9) a-(o8) a-(o4) a-(o3) a-(o2) a-(o1) a-(o0)
-1/576 t^{o0}_{v0} t^{o1,o2,o3,o4}_{v1,v2,v3,v4} w^{o8,v3,v4}_{o5,o6,o7} a+(o5) a+(o6) a+(o7) a+(v0) a+(v1) a+(v2) a-(o8) a-(o4) a-(o3) a-(o2) a-(o1) a-(o0)
-1/6912 t^{o0}_{v0} t^{o1,o2,o3,o4}_{v1,v2,v3,v4} w^{o8,v5,v6}_{o5,o6,o7} a+(o5) a+(o6) a+(o7) a+(v0) a+(v1) a+(v2) a+(v3) a+(v4) a-(v6) a-(v5) a-(o8) a-(o4) a-(o3) a-(o2) a-(o1) a-(o0)
+1/864 t^{o0}_{v0} t^{o1,o2,o3,o4}_{v1,v2,v3,v4} w^{v2,v3,v4}_{o5,o6,o7} a+(o5) a+(o6) a+(o7) a+(v0) a+(v1) a-(o4) a-(o3) a-(o2) a-(o1) a-(o0)
-1/20736 t^{o0}_{v0} t^{o1,o2,o3,o4}_{v1,v2,v3,v4} w^{v5,v6,v7}_{o5,o6,o7} a+(o5) a+(o6) a+(o7) a+(v0) a+(v1) a+(v2) a+(v3) a+(v4) a-(v7) a-(v6) a-(v5) a-(o4) a-(o3) a-(o2) a-(o1) a-(o0)
+1/6912 t^{o0}_{v0} t^{o1,o2,o3,o4}_{v1,v2,v3,v4} w^{o7,o8,o9}_{o5,o6,v5} a+(o5) a+(o6) a+(v0) a+(v1) a+(v2) a+(v3) a+(v4) a+(v5) a-(o9) a-(o8) a-(o7) a-(o4) a-(o3) a-(o2) a-(o1) a-(o0)
+1/2304 t^{o0}_{v0} t^{o1,o2,o3,o4}_{v1,v2,v3,v4} w^{o7,o8,v6}_{o5,o6,v5} a+(o5) a+(o6) a+(v0) a+(v1) a+(v2) a+(v3) a+(v4) a+(v5) a-(v6) a-(o8) a-(o7) a-(o4) a-(o3) a-(o2) a-(o1) a-(o0)
+1/2304 t^{o0}_{v0} t^{o1,o2,o3,o4}_{v1,v2,v3,v4} w^{o7,v6,v7}_{o5,o6,v5} a+(o5) a+(o6) a+(v0) a+(v1) a+(v2) a+(v3) a+(v4) a+(v5) a-(v7) a-(v6) a-(o7) a-(o4) a-(o3) a-(o2) a-(o1) a-(o0)
+1/6912 t^{o0}_{v0} t^{o1,o2,o3,o4}_{v1,v2,v3,v4} w^{v6,v7,v8}_{o5,o6,v5} a+(o5) a+(o6) a+(v0) a+(v1) a+(v2) a+(v3) a+(v4) a+(v5) a-(v8) a-(v7) a-(v6) a-(o4) a-(o3) a-(o2) a-(o1) a-(o0)
-1/6912 t^{o0}_{v0} t^{o1,o2,o3,o4}_{v1,v2,v3,v4} w^{o6,o7,o8}_{o5,v5,v6} a+(o5) a+(v0) a+(v1) a+(v2) a+(v3) a+(v4) a+(v5) a+(v6) a-(o8) a-(o7) a-(o6) a-(o4) a-(o3) a-(o2) a-(o1) a-(o0)
-1/2304 t^{o0}_{v0} t^{o1,o2,o3,o4}_{v1,v2,v3,v4} w^{o6,o7,v7}_{o5,v5,v6} a+(o5) a+(v0) a+(v1) a+(v2) a+(v3) a+(v4) a+(v5) a+(v6) a-(v7) a-(o7) a-(o6) a-(o4) a-(o3) a-(o2) a-(o1) a-(o0)
-1/2304 t^{o0}_{v0} t^{o1,o2,o3,o4}_{v1,v2,v3,v4} w^{o6,v7,v8}_{o5,v5,v6} a+(o5) a+(v0) a+(v1) a+(v2) a+(v3) a+(v4) a+(v5) a+(v6) a-(v8) a-(v7) a-(o6) a-(o4) a-(o3) a-(o2) a-(o1) a-(o0)
-1/6912 t^{o0}_{v0} t^{o1,o2,o3,o4}_{v1,v2,v3,v4} w^{v7,v8,v9}_{o5,v5,v6} a+(o5) a+(v0) a+(v1) a+(v2) a+(v3) a+(v4) a+(v5) a+(v6) a-(v9) a-(v8) a-(v7) a-(o4) a-(o3) a-(o2) a-(o1) a-(o0)
+1/20736 t^{o0}_{v0} t^{o1,o2,o3,o4}_{v1,v2,v3,v4} w^{o5,o6,o7}_{v5,v6,v7} a+(v0) a+(v1) a+(v2) a+(v3) a+(v4) a+(v5) a+(v6) a+(v7) a-(o7) a-(o6) a-(o5) a-(o4) a-(o3) a-(o2) a-(o1) a-(o0)
+1/6912 t^{o0}_{v0} t^{o1,o2,o3,o4}_{v1,v2,v3,v4} w^{o5,o6,v8}_{v5,v6,v7} a+(v0) a+(v1) a+(v2) a+(v3) a+(v4) a+(v5) a+(v6) a+(v7) a-(v8) a-(o6) a-(o5) a-(o4) a-(o3) a-(o2) a-(o1) a-(o0)
+1/6912 t^{o0}_{v0} t^{o1,o2,o3,o4}_{v1,v2,v3,v4} w^{o5,v8,v9}_{v5,v6,v7} a+(v0) a+(v1) a+(v2) a+(v3) a+(v4) a+(v5) a+(v6) a+(v7) a-(v9) a-(v8) a-(o5) a-(o4) a-(o3) a-(o2) a-(o1) a-(o0)
+1/20736 t^{o0}_{v0} t^{o1,o2,o3,o4}_{v1,v2,v3,v4} w^{v8,v9,v10}_{v5,v6,v7} a+(v0) a+(v1) a+(v2) a+(v3) a+(v4) a+(v5) a+(v6) a+(v7) a-(v10) a-(v9) a-(v8) a-(o4) a-(o3) a-(o2) a-(o1) a-(o0)
-1/864 t^{o0}_{v0} t^{o1,o2,o3,o5}_{v1,v2,v3,v4} w^{v6,v7,v8}_{o4,o5,v5} a+(o4) a+(v0) a+(v1) a+(v2) a+(v3) a+(v4) a+(v5) a-(v8) a-(v7) a-(v6) a-(o3) a-(o2) a-(o1) a-(o0)
-1/576 t^{o0}_{v0} t^{o1,o2,o3,o5}_{v1,v2,v3,v4} w^{o4,v7,v8}_{o5,v5,v6} a+(v0) a+(v1) a+(v2) a+(v3) a+(v4) a+(v5) a+(v6) a-(v8) a-(v7) a-(o4) a-(o3) a-(o2) a-(o1) a-(o0)
+1/72 t^{o0}_{v0} t^{o1,o2,o3,o6}_{v1,v2,v3,v4} w^{v2,v3,v4}_{o4,o5,o6} a+(o4) a+(o5) a+(v0) a+(v1) a-(o3) a-(o2) a-(o1) a-(o0)
-1/1728 t^{o0}_{v0} t^{o1,o2,o3,o6}_{v1,v2,v3,v4} w^{v5,v6,v7}_{o4,o5,o6} a+(o4) a+(o5) a+(v0) a+(v1) a+(v2) a+(v3) a+(v4) a-(v7) a-(v6) a-(v5) a-(o3) a-(o2) a-(o1) a-(o0)
-1/288 t^{o0}_{v0} t^{o1,o2,o3,o6}_{v1,v2,v3,v4} w^{o5,v6,v7}_{o4,o6,v5} a+(o4) a+(v0) a+(v1) a+(v2) a+(v3) a+(v4) a+(v5) a-(v7) a-(v6) a-(o5) a-(o3) a-(o2) a-(o1) a-(o0)
-1/576 t^{o0}_{v0} t^{o1,o2,o3,o6}_{v1,v2,v3,v4} w^{o4,o5,v7}_{o6,v5,v6} a+(v0) a+(v1) a+(v2) a+(v3) a+(v4) a+(v5) a+(v6) a-(v7) a-(o5) a-(o4) a-(o3) a-(o2) a-(o1) a-(o0)
-1/48 t^{o0}_{v0} t^{o1,o2,o3,o7}_{v1,v2,v3,v4} w^{o6,v3,v4}_{o4,o5,o7} a+(o4) a+(o5) a+(v0) a+(v1) a+(v2) a-(o6) a-(o3) a-(o2) a-(o1) a-(o0)
-1/576 t^{o0}_{v0} t^{o1,o2,o3,o7}_{v1,v2,v3,v4} w^{o6,v5,v6}_{o4,o5,o7} a+(o4) a+(o5) a+(v0) a+(v1) a+(v2) a+(v3) a+(v4) a-(v6) a-(v5) a-(o6) a-(o3) a-(o2) a-(o1) a-(o0)
-1/288 t^{o0}_{v0} t^{o1,o2,o3,o7}_{v1,v2,v3,v4} w^{o5,o6,v6}_{o4,o7,v5} a+(o4) a+(v0) a+(v1) a+(v2) a+(v3) a+(v4) a+(v5) a-(v6) a-(o6) a-(o5) a-(o3) a-(o2) a-(o1) a-(o0)
-1/1728 t^{o0}_{v0} t^{o1,o2,o3,o7}_{v1,v2,v3,v4} w^{o4,o5,o6}_{o7,v5,v6} a+(v0) a+(v1) a+(v2) a+(v3) a+(v4) a+(v5) a+(v6) a-(o6) a-(o5) a-(o4) a-(o3) a-(o2) a-(o1) a-(o0)
+1/144 t^{o0}_{v0} t^{o1,o2,o3,o8}_{v1,v2,v3,v4} w^{o6,o7,v4}_{o4,o5,o8} a+(o4) a+(o5) a+(v0) a+(v1) a+(v2) a+(v3) a-(o7) a-(o6) a-(o3) a-(o2) a-(o1) a-(o0)
-1/576 t^{o0}_{v0} t^{o1,o2,o3,o8}_{v1,v2,v3,v4} w^{o6,o7,v5}_{o4,o5,o8} a+(o4) a+(o5) a+(v0) a+(v1) a+(v2) a+(v3) a+(v4) a-(v5) a-(o7) a-(o6) a-(o3) a-(o2) a-(o1) a-(o0)
-1/864 t^{o0}_{v0} t^{o1,o2,o3,o8}_{v1,v2,v3,v4} w^{o5,o6,o7}_{o4,o8,v5} a+(o4) a+(v0) a+(v1) a+(v2) a+(v3) a+(v4) a+(v5) a-(o7) a-(o6) a-(o5) a-(o3) a-(o2) a-(o1) a-(o0)
-1/1728 t^{o0}_{v0} t^{o1,o2,o3,o9}_{v1,v2,v3,v4} w^{o6,o7,o8}_{o4,o5,o9} a+(o4) a+(o5) a+(v0) a+(v1) a+(v2) a+(v3) a+(v4) a-(o8) a-(o7) a-(o6) a-(o3) a-(o2) a-(o1) a-(o0)
+1/24 t^{o0}_{v0} t^{o1,o2,o4,o5}_{v1,v2,v3,v4} w^{v2,v3,v4}_{o3,o4,o5} a+(o3) a+(v0) a+(v1) a-(o2) a-(o1) a-(o0)
-1/576 t^{o0}_{v0} t^{o1,o2,o4,o5}_{v1,v2,v3,v4} w^{v5,v6,v7}_{o3,o4,o5} a+(o3) a+(v0) a+(v1) a+(v2) a+(v3) a+(v4) a-(v7) a-(v6) a-(v5) a-(o2) a-(o1) a-(o0)
+1/192 t^{o0}_{v0} t^{o1,o2,o4,o5}_{v1,v2,v3,v4} w^{o3,v6,v7}_{o4,o5,v5} a+(v0) a+(v1) a+(v2) a+(v3) a+(v4) a+(v5) a-(v7) a-(v6) a-(o3) a-(o2) a-(o1) a-(o0)
-1/16 t^{o0}_{v0} t^{o1,o2,o5,o6}_{v1,v2,v3,v4} w^{o4,v3,v4}_{o3,o5,o6} a+(o3) a+(v0) a+(v1) a+(v2) a-(o4) a-(o2) a-(o1) a-(o0)
-1/192 t^{o0}_{v0} t^{o1,o2,o5,o6}_{v1,v2,v3,v4} w^{o4,v5,v6}_{o3,o5,o6} a+(o3) a+(v0) a+(v1) a+(v2) a+(v3) a+(v4) a-(v6) a-(v5) a-(o4) a-(o2) a-(o1) a-(o0)
+1/192 t^{o0}_{v0} t^{o1,o2,o5,o6}_{v1,v2,v3,v4} w^{o3,o4,v6}_{o5,o6,v5} a+(v0) a+(v1) a+(v2) a+(v3) a+(v4) a+(v5) a-(v6) a-(o4) a-(o3) a-(o2) a-(o1) a-(o0)
+1/48 t^{o0}_{v0} t^{o1,o2,o6,o7}_{v1,v2,v3,v4} w^{o4,o5,v4}_{o3,o6,o7} a+(o3) a+(v0) a+(v1) a+(v2) a+(v3) a-(o5) a-(o4) a-(o2) a-(o1) a-(o0)
-1/192 t^{o0}_{v0} t^{o1,o2,o6,o7}_{v1,v2,v3,v4} w^{o4,o5,v5}_{o3,o6,o7} a+(o3) a+(v0) a+(v1) a+(v2) a+(v3) a+(v4) a-(v5) a-(o5) a-(o4) a-(o2) a-(o1) a-(o0)
+1/576 t^{o0}_{v0} t^{o1,o2,o6,o7}_{v1,v2,v3,v4} w^{o3,o4,o5}_{o6,o7,v5} a+(v0) a+(v1) a+(v2) a+(v3) a+(v4) a+(v5) a-(o5) a-(o4) a-(o3) a-(o2) a-(o1) a-(o0)
-1/576 t^{o0}_{v0} t^{o1,o2,o7,o8}_{v1,v2,v3,v4} w^{o4,o5,o6}_{o3,o7,o8} a+(o3) a+(v0) a+(v1) a+(v2) a+(v3) a+(v4) a-(o6) a-(o5) a-(o4) a-(o2) a-(o1) a-(o0)
-1/24 t^{o0}_{v0} t^{o1,o3,o4,o5}_{v1,v2,v3,v4} w^{o2,v3,v4}_{o3,o4,o5} a+(v0) a+(v1) a+(v2) a-(o2) a-(o1) a-(o0)
-1/288 t^{o0}_{v0} t^{o1,o3,o4,o5}_{v1,v2,v3,v4} w^{o2,v5,v6}_{o3,o4,o5} a+(v0) a+(v1) a+(v2) a+(v3) a+(v4) a-(v6) a-(v5) a-(o2) a-(o1) a-(o0)
+1/72 t^{o0}_{v0} t^{o1,o4,o5,o6}_{v1,v2,v3,v4} w^{o2,o3,v4}_{o4,o5,o6} a+(v0) a+(v1) a+(v2) a+(v3) a-(o3) a-(o2) a-(o1) a-(o0)
-1/288 t^{o0}_{v0} t^{o1,o4,o5,o6}_{v1,v2,v3,v4} w^{o2,o3,v5}_{o4,o5,o6} a+(v0) a+(v1) a+(v2) a+(v3) a+(v4) a-(v5) a-(o3) a-(o2) a-(o1) a-(o0)
-1/864 t^{o0}_{v0} t^{o1,o5,o6,o7}_{v1,v2,v3,v4} w^{o2,o3,o4}_{o5,o6,o7} a+(v0) a+(v1) a+(v2) a+(v3) a+(v4) a-(o4) a-(o3) a-(o2) a-(o1) a-(o0)
+1/864 t^{o0}_{v0} t^{o1,o2,o3,o4}_{v1,v2,v3,v5} w^{o8,v4,v5}_{o5,o6,o7} a+(o5) a+(o6) a+(o7) a+(v0) a+(v1) a+(v2) a+(v3) a-(v4) a-(o8) a-(o4) a-(o3) a-(o2) a-(o1) a-(o0)
+1/576 t^{o0}_{v0} t^{o1,o2,o3,o4}_{v1,v2,v3,v5} w^{o7,o8,v5}_{o5,o6,v4} a+(o5) a+(o6) a+(v0) a+(v1) a+(v2) a+(v3) a+(v4) a-(o8) a-(o7) a-(o4) a-(o3) a-(o2) a-(o1) a-(o0)
+1/72 t^{o0}_{v0} t^{o1,o2,o3,o7}_{v1,v2,v3,v5} w^{o6,v4,v5}_{o4,o5,o7} a+(o4) a+(o5) a+(v0) a+(v1) a+(v2) a+(v3) a-(v4) a-(o6) a-(o3) a-(o2) a-(o1) a-(o0)
-1/72 t^{o0}_{v0} t^{o1,o2,o3,o7}_{v1,v2,v3,v5} w^{o5,o6,v5}_{o4,o7,v4} a+(o4) a+(v0) a+(v1) a+(v2) a+(v3) a+(v4) a-(o6) a-(o5) a-(o3) a-(o2) a-(o1) a-(o0)
+1/24 t^{o0}_{v0} t^{o1,o2,o5,o6}_{v1,v2,v3,v5} w^{o4,v4,v5}_{o3,o5,o6} a+(o3) a+(v0) a+(v1) a+(v2) a+(v3) a-(v4) a-(o4) a-(o2) a-(o1) a-(o0)
+1/48 t^{o0}_{v0} t^{o1,o2,o5,o6}_{v1,v2,v3,v5} w^{o3,o4,v5}_{o5,o6,v4} a+(v0) a+(v1) a+(v2) a+(v3) a+(v4) a-(o4) a-(o3) a-(o2) a-(o1) a-(o0)
+1/36 t^{o0}_{v0} t^{o1,o3,o4,o5}_{v1,v2,v3,v5} w^{o2,v4,v5}_{o3,o4,o5} a+(v0) a+(v1) a+(v2) a+(v3) a-(v4) a-(o2) a-(o1) a-(o0)
+1/72 t^{o0}_{v0} t^{o1,o2,o3,o4}_{v1,v2,v3,v6} w^{v4,v5,v6}_{o2,o3,o4} a+(v0) a+(v1) a+(v2) a+(v3) a-(v5) a-(v4) a-(o1) a-(o0)
+1/1728 t^{o0}_{v0} t^{o1,o2,o3,o4}_{v1,v2,v3,v6} w^{v4,v5,v6}_{o5,o6,o7} a+(o5) a+(o6) a+(o7) a+(v0) a+(v1) a+(v2) a+(v3) a-(v5) a-(v4) a-(o4) a-(o3) a-(o2) a-(o1) a-(o0)
+1/288 t^{o0}_{v0} t^{o1,o2,o3,o4}_{v1,v2,v3,v6} w^{o7,v5,v6}_{o5,o6,v4} a+(o5) a+(o6) a+(v0) a+(v1) a+(v2) a+(v3) a+(v4) a-(v5) a-(o7) a-(o4) a-(o3) a-(o2) a-(o1) a-(o0)
+1/576 t^{o0}_{v0} t^{o1,o2,o3,o4}_{v1,v2,v3,v6} w^{o6,o7,v6}_{o5,v4,v5} a+(o5) a+(v0) a+(v1) a+(v2) a+(v3) a+(v4) a+(v5) a-(o7) a-(o6) a-(o4) a-(o3) a-(o2) a-(o1) a-(o0)
+1/144 t^{o0}_{v0} t^{o1,o2,o3,o6}_{v1,v2,v3,v6} w^{v4,v5,v6}_{o4,o5,o6} a+(o4) a+(o5) a+(v0) a+(v1) a+(v2) a+(v3) a-(v5) a-(v4) a-(o3) a-(o2) a-(o1) a-(o0)
-1/36 t^{o0}_{v0} t^{o1,o2,o3,o6}_{v1,v2,v3,v6} w^{o5,v5,v6}_{o4,o6,v4} a+(o4) a+(v0) a+(v1) a+(v2) a+(v3) a+(v4) a-(v5) a-(o5) a-(o3) a-(o2) a-(o1) a-(o0)
+1/144 t^{o0}_{v0} t^{o1,o2,o3,o6}_{v1,v2,v3,v6} w^{o4,o5,v6}_{o6,v4,v5} a+(v0) a+(v1) a+(v2) a+(v3) a+(v4) a+(v5) a-(o5) a-(o4) a-(o3) a-(o2) a-(o1) a-(o0)
+1/48 t^{o0}_{v0} t^{o1,o2,o4,o5}_{v1,v2,v3,v6} w^{v4,v5,v6}_{o3,o4,o5} a+(o3) a+(v0) a+(v1) a+(v2) a+(v3) a-(v5) a-(v4) a-(o2) a-(o1) a-(o0)
+1/24 t^{o0}_{v0} t^{o1,o2,o4,o5}_{v1,v2,v3,v6} w^{o3,v5,v6}_{o4,o5,v4} a+(v0) a+(v1) a+(v2) a+(v3) a+(v4) a-(v5) a-(o3) a-(o2) a-(o1) a-(o0)
+1/48 t^{o0}_{v0} t^{o1,o2,o3,o4}_{v1,v2,v3,v7} w^{v5,v6,v7}_{o3,o4,v4} a+(v0) a+(v1) a+(v2) a+(v3) a+(v4) a-(v6) a-(v5) a-(o2) a-(o1) a-(o0)
+1/576 t^{o0}_{v0} t^{o1,o2,o3,o4}_{v1,v2,v3,v7} w^{v5,v6,v7}_{o5,o6,v4} a+(o5) a+(o6) a+(v0) a+(v1) a+(v2) a+(v3) a+(v4) a-(v6) a-(v5) a-(o4) a-(o3) a-(o2) a-(o1) a-(o0)
+1/288 t^{o0}_{v0} t^{o1,o2,o3,o4}_{v1,v2,v3,v7} w^{o6,v6,v7}_{o5,v4,v5} a+(o5) a+(v0) a+(v1) a+(v2) a+(v3) a+(v4) a+(v5) a-(v6) a-(o6) a-(o4) a-(o3) a-(o2) a-(o1) a-(o0)
+1/1728 t^{o0}_{v0} t^{o1,o2,o3,o4}_{v1,v2,v3,v7} w^{o5,o6,v7}_{v4,v5,v6} a+(v0) a+(v1) a+(v2) a+(v3) a+(v4) a+(v5) a+(v6) a-(o6) a-(o5) a-(o4) a-(o3) a-(o2) a-(o1) a-(o0)
-1/72 t^{o0}_{v0} t^{o1,o2,o3,o5}_{v1,v2,v3,v7} w^{v5,v6,v7}_{o4,o5,v4} a+(o4) a+(v0) a+(v1) a+(v2) a+(v3) a+(v4) a-(v6) a-(v5) a-(o3) a-(o2) a-(o1) a-(o0)
+1/72 t^{o0}_{v0} t^{o1,o2,o3,o5}_{v1,v2,v3,v7} w^{o4,v6,v7}_{o5,v4,v5} a+(v0) a+(v1) a+(v2) a+(v3) a+(v4) a+(v5) a-(v6) a-(o4) a-(o3) a-(o2) a-(o1) a-(o0)
+1/144 t^{o0}_{v0} t^{o1,o2,o3,o4}_{v1,v2,v3,v8} w^{v6,v7,v8}_{o4,v4,v5} a+(v0) a+(v1) a+(v2) a+(v3) a+(v4) a+(v5) a-(v7) a-(v6) a-(o3) a-(o2) a-(o1) a-(o0)
+1/576 t^{o0}_{v0} t^{o1,o2,o3,o4}_{v1,v2,v3,v8} w^{v6,v7,v8}_{o5,v4,v5} a+(o5) a+(v0) a+(v1) a+(v2) a+(v3) a+(v4) a+(v5) a-(v7) a-(v6) a-(o4) a-(o3) a-(o2) a-(o1) a-(o0)
+1/864 t^{o0}_{v0} t^{o1,o2,o3,o4}_{v1,v2,v3,v8} w^{o5,v7,v8}_{v4,v5,v6} a+(v0) a+(v1) a+(v2) a+(v3) a+(v4) a+(v5) a+(v6) a-(v7) a-(o5) a-(o4) a-(o3) a-(o2) a-(o1) a-(o0)
+1/1728 t^{o0}_{v0} t^{o1,o2,o3,o4}_{v1,v2,v3,v9} w^{v7,v8,v9}_{v4,v5,v6} a+(v0) a+(v1) a+(v2) a+(v3) a+(v4) a+(v5) a+(v6) a-(v8) a-(v7) a-(o4) a-(o3) a-(o2) a-(o1) a-(o0)
-1/24 t^{o0}_{v0} t^{o1,o2,o3,o4}_{v1,v2,v4,v5} w^{v3,v4,v5}_{o2,o3,o4} a+(v0) a+(v1) a+(v2) a-(v3) a-(o1) a-(o0)
-1/576 t^{o0}_{v0} t^{o1,o2,o3,o4}_{v1,v2,v4,v5} w^{v3,v4,v5}_{o5,o6,o7} a+(o5) a+(o6) a+(o7) a+(v0) a+(v1) a+(v2) a-(v3) a-(o4) a-(o3) a-(o2) a-(o1) a-(o0)
+1/192 t^{o0}_{v0} t^{o1,o2,o3,o4}_{v1,v2,v4,v5} w^{o7,v4,v5}_{o5,o6,v3} a+(o5) a+(o6) a+(v0) a+(v1) a+(v2) a+(v3) a-(o7) a-(o4) a-(o3) a-(o2) a-(o1) a-(o0)
-1/48 t^{o0}_{v0} t^{o1,o2,o3,o6}_{v1,v2,v4,v5} w^{v3,v4,v5}_{o4,o5,o6} a+(o4) a+(o5) a+(v0) a+(v1) a+(v2) a-(v3) a-(o3) a-(o2) a-(o1) a-(o0)
-1/24 t^{o0}_{v0} t^{o1,o2,o3,o6}_{v1,v2,v4,v5} w^{o5,v4,v5}_{o4,o6,v3} a+(o4) a+(v0) a+(v1) a+(v2) a+(v3) a-(o5) a-(o3) a-(o2) a-(o1) a-(o0)
-1/16 t^{o0}_{v0} t^{o1,o2,o4,o5}_{v1,v2,v4,v5} w^{v3,v4,v5}_{o3,o4,o5} a+(o3) a+(v0) a+(v1) a+(v2) a-(v3) a-(o2) a-(o1) a-(o0)
+1/16 t^{o0}_{v0} t^{o1,o2,o4,o5}_{v1,v2,v4,v5} w^{o3,v4,v5}_{o4,o5,v3} a+(v0) a+(v1) a+(v2) a+(v3) a-(o3) a-(o2) a-(o1) a-(o0)
+1/16 t^{o0}_{v0} t^{o1,o2,o3,o4}_{v1,v2,v5,v6} w^{v4,v5,v6}_{o3,o4,v3} a+(v0) a+(v1) a+(v2) a+(v3) a-(v4) a-(o2) a-(o1) a-(o0)
+1/192 t^{o0}_{v0} t^{o1,o2,o3,o4}_{v1,v2,v5,v6} w^{v4,v5,v6}_{o5,o6,v3} a+(o5) a+(o6) a+(v0) a+(v1) a+(v2) a+(v3) a-(v4) a-(o4) a-(o3) a-(o2) a-(o1) a-(o0)
-1/192 t^{o0}_{v0} t^{o1,o2,o3,o4}_{v1,v2,v5,v6} w^{o6,v5,v6}_{o5,v3,v4} a+(o5) a+(v0) a+(v1) a+(v2) a+(v3) a+(v4) a-(o6) a-(o4) a-(o3) a-(o2) a-(o1) a-(o0)
-1/24 t^{o0}_{v0} t^{o1,o2,o3,o5}_{v1,v2,v5,v6} w^{v4,v5,v6}_{o4,o5,v3} a+(o4) a+(v0) a+(v1) a+(v2) a+(v3) a-(v4) a-(o3) a-(o2) a-(o1) a-(o0)
-1/48 t^{o0}_{v0} t^{o1,o2,o3,o5}_{v1,v2,v5,v6} w^{o4,v5,v6}_{o5,v3,v4} a+(v0) a+(v1) a+(v2) a+(v3) a+(v4) a-(o4) a-(o3) a-(o2) a-(o1) a-(o0)
-1/48 t^{o0}_{v0} t^{o1,o2,o3,o4}_{v1,v2,v6,v7} w^{v5,v6,v7}_{o4,v3,v4} a+(v0) a+(v1) a+(v2) a+(v3) a+(v4) a-(v5) a-(o3) a-(o2) a-(o1) a-(o0)
-1/192 t^{o0}_{v0} t^{o1,o2,o3,o4}_{v1,v2,v6,v7} w^{v5,v6,v7}_{o5,v3,v4} a+(o5) a+(v0) a+(v1) a+(v2) a+(v3) a+(v4) a-(v5) a-(o4) a-(o3) a-(o2) a-(o1) a-(o0)
+1/576 t^{o0}_{v0} t^{o1,o2,o3,o4}_{v1,v2,v6,v7} w^{o5,v6,v7}_{v3,v4,v5} a+(v0) a+(v1) a+(v2) a+(v3) a+(v4) a+(v5) a-(o5) a-(o4) a-(o3) a-(o2) a-(o1) a-(o0)
+1/576 t^{o0}_{v0} t^{o1,o2,o3,o4}_{v1,v2,v7,v8} w^{v6,v7,v8}_{v3,v4,v5} a+(v0) a+(v1) a+(v2) a+(v3) a+(v4) a+(v5) a-(v6) a-(o4) a-(o3) a-(o2) a-(o1) a-(o0)
+1/24 t^{o0}_{v0} t^{o1,o2,o3,o4}_{v1,v3,v4,v5} w^{v3,v4,v5}_{o3,o4,v2} a+(v0) a+(v1) a+(v2) a-(o2) a-(o1) a-(o0)
+1/288 t^{o0}_{v0} t^{o1,o2,o3,o4}_{v1,v3,v4,v5} w^{v3,v4,v5}_{o5,o6,v2} a+(o5) a+(o6) a+(v0) a+(v1) a+(v2) a-(o4) a-(o3) a-(o2) a-(o1) a-(o0)
-1/36 t^{o0}_{v0} t^{o1,o2,o3,o5}_{v1,v3,v4,v5} w^{v3,v4,v5}_{o4,o5,v2} a+(o4) a+(v0) a+(v1) a+(v2) a-(o3) a-(o2) a-(o1) a-(o0)
+1/72 t^{o0}_{v0} t^{o1,o2,o3,o4}_{v1,v4,v5,v6} w^{v4,v5,v6}_{o4,v2,v3} a+(v0) a+(v1) a+(v2) a+(v3) a-(o3) a-(o2) a-(o1) a-(o0)
+1/288 t^{o0}_{v0} t^{o1,o2,o3,o4}_{v1,v4,v5,v6} w^{v4,v5,v6}_{o5,v2,v3} a+(o5) a+(v0) a+(v1) a+(v2) a+(v3) a-(o4) a-(o3) a-(o2) a-(o1) a-(o0)
+1/864 t^{o0}_{v0} t^{o1,o2,o3,o4}_{v1,v5,v6,v7} w^{v5,v6,v7}_{v2,v3,v4} a+(v0) a+(v1) a+(v2) a+(v3) a+(v4) a-(o4) a-(o3) a-(o2) a-(o1) a-(o0)
+1/24 t^{o2}_{v0} t^{o0,o1,o3,o4}_{v1,v2,v3,v4} w^{v2,v3,v4}_{o2,o3,o4} a+(v0) a+(v1) a-(o1) a-(o0)
-1/576 t^{o2}_{v0} t^{o0,o1,o3,o4}_{v1,v2,v3,v4} w^{v5,v6,v7}_{o2,o3,o4} a+(v0) a+(v1) a+(v2) a+(v3) a+(v4) a-(v7) a-(v6) a-(v5) a-(o1) a-(o0)
+1/48 t^{o2}_{v0} t^{o0,o1,o3,o4}_{v1,v2,v3,v6} w^{v4,v5,v6}_{o2,o3,o4} a+(v0) a+(v1) a+(v2) a+(v3) a-(v5) a-(v4) a-(o1) a-(o0)
-1/16 t^{o2}_{v0} t^{o0,o1,o3,o4}_{v1,v2,v4,v5} w^{v3,v4,v5}_{o2,o3,o4} a+(v0) a+(v1) a+(v2) a-(v3) a-(o1) a-(o0)
-1/864 t^{o3}_{v0} t^{o0,o1,o2,o4}_{v1,v2,v3,v4} w^{v6,v7,v8}_{o3,o4,v5} a+(v0) a+(v1) a+(v2) a+(v3) a+(v4) a+(v5) a-(v8) a-(v7) a-(v6) a-(o2) a-(o1) a-(o0)
-1/16 t^{o3}_{v0} t^{o0,o1,o4,o5}_{v1,v2,v3,v4} w^{o2,v3,v4}_{o3,o4,o5} a+(v0) a+(v1) a+(v2) a-(o2) a-(o1) a-(o0)
-1/192 t^{o3}_{v0} t^{o0,o1,o4,o5}_{v1,v2,v3,v4} w^{o2,v5,v6}_{o3,o4,o5} a+(v0) a+(v1) a+(v2) a+(v3) a+(v4) a-(v6) a-(v5) a-(o2) a-(o1) a-(o0)
+1/24 t^{o3}_{v0} t^{o0,o1,o4,o5}_{v1,v2,v3,v5} w^{o2,v4,v5}_{o3,o4,o5} a+(v0) a+(v1) a+(v2) a+(v3) a-(v4) a-(o2) a-(o1) a-(o0)
-1/72 t^{o3}_{v0} t^{o0,o1,o2,o4}_{v1,v2,v3,v7} w^{v5,v6,v7}_{o3,o4,v4} a+(v0) a+(v1) a+(v2) a+(v3) a+(v4) a-(v6) a-(v5) a-(o2) a-(o1) a-(o0)
-1/24 t^{o3}_{v0} t^{o0,o1,o2,o4}_{v1,v2,v5,v6} w^{v4,v5,v6}_{o3,o4,v3} a+(v0) a+(v1) a+(v2) a+(v3) a-(v4) a-(o2) a-(o1) a-(o0)
-1/36 t^{o3}_{v0} t^{o0,o1,o2,o4}_{v1,v3,v4,v5} w^{v3,v4,v5}_{o3,o4,v2} a+(v0) a+(v1) a+(v2) a-(o2) a-(o1) a-(o0)
-1/6912 t^{o4}_{v0} t^{o0,o1,o2,o3}_{v1,v2,v3,v4} w^{v7,v8,v9}_{o4,v5,v6} a+(v0) a+(v1) a+(v2) a+(v3) a+(v4) a+(v5) a+(v6) a-(v9) a-(v8) a-(v7) a-(o3) a-(o2) a-(o1) a-(o0)
-1/36 t^{o4}_{v0} t^{o0,o1,o2,o5}_{v1,v2,v3,v4} w^{v2,v3,v4}_{o3,o4,o5} a+(o3) a+(v0) a+(v1) a-(o2) a-(o1) a-(o0)
+1/864 t^{o4}_{v0} t^{o0,o1,o2,o5}_{v1,v2,v3,v4} w^{v5,v6,v7}_{o3,o4,o5} a+(o3) a+(v0) a+(v1) a+(v2) a+(v3) a+(v4) a-(v7) a-(v6) a-(v5) a-(o2) a-(o1) a-(o0)
-1/288 t^{o4}_{v0} t^{o0,o1,o2,o5}_{v1,v2,v3,v4} w^{o3,v6,v7}_{o4,o5,v5} a+(v0) a+(v1) a+(v2) a+(v3) a+(v4) a+(v5) a-(v7) a-(v6) a-(o3) a-(o2) a-(o1) a-(o0)
+1/48 t^{o4}_{v0} t^{o0,o1,o5,o6}_{v1,v2,v3,v4} w^{o2,o3,v4}_{o4,o5,o6} a+(v0) a+(v1) a+(v2) a+(v3) a-(o3) a-(o2) a-(o1) a-(o0)
-1/192 t^{o4}_{v0} t^{o0,o1,o5,o6}_{v1,v2,v3,v4} w^{o2,o3,v5}_{o4,o5,o6} a+(v0) a+(v1) a+(v2) a+(v3) a+(v4) a-(v5) a-(o3) a-(o2) a-(o1) a-(o0)
-1/72 t^{o4}_{v0} t^{o0,o1,o2,o5}_{v1,v2,v3,v6} w^{v4,v5,v6}_{o3,o4,o5} a+(o3) a+(v0) a+(v1) a+(v2) a+(v3) a-(v5) a-(v4) a-(o2) a-(o1) a-(o0)
-1/36 t^{o4}_{v0} t^{o0,o1,o2,o5}_{v1,v2,v3,v6} w^{o3,v5,v6}_{o4,o5,v4} a+(v0) a+(v1) a+(v2) a+(v3) a+(v4) a-(v5) a-(o3) a-(o2) a-(o1) a-(o0)
+1/576 t^{o4}_{v0} t^{o0,o1,o2,o3}_{v1,v2,v3,v8} w^{v6,v7,v8}_{o4,v4,v5} a+(v0) a+(v1) a+(v2) a+(v3) a+(v4) a+(v5) a-(v7) a-(v6) a-(o3) a-(o2) a-(o1) a-(o0)
+1/24 t^{o4}_{v0} t^{o0,o1,o2,o5}_{v1,v2,v4,v5} w^{v3,v4,v5}_{o3,o4,o5} a+(o3) a+(v0) a+(v1) a+(v2) a-(v3) a-(o2) a-(o1) a-(o0)
-1/24 t^{o4}_{v0} t^{o0,o1,o2,o5}_{v1,v2,v4,v5} w^{o3,v4,v5}_{o4,o5,v3} a+(v0) a+(v1) a+(v2) a+(v3) a-(o3) a-(o2) a-(o1) a-(o0)
-1/192 t^{o4}_{v0} t^{o0,o1,o2,o3}_{v1,v2,v6,v7} w^{v5,v6,v7}_{o4,v3,v4} a+(v0) a+(v1) a+(v2) a+(v3) a+(v4) a-(v5) a-(o3) a-(o2) a-(o1) a-(o0)
+1/288 t^{o4}_{v0} t^{o0,o1,o2,o3}_{v1,v4,v5,v6} w^{v4,v5,v6}_{o4,v2,v3} a+(v0) a+(v1) a+(v2) a+(v3) a-(o3) a-(o2) a-(o1) a-(o0)
-1/3456 t^{o5}_{v0} t^{o0,o1,o2,o3}_{v1,v2,v3,v4} w^{v6,v7,v8}_{o4,o5,v5} a+(o4) a+(v0) a+(v1) a+(v2) a+(v3) a+(v4) a+(v5) a-(v8) a-(v7) a-(v6) a-(o3) a-(o2) a-(o1) a-(o0)
-1/2304 t^{o5}_{v0} t^{o0,o1,o2,o3}_{v1,v2,v3,v4} w^{o4,v7,v8}_{o5,v5,v6} a+(v0) a+(v1) a+(v2) a+(v3) a+(v4) a+(v5) a+(v6) a-(v8) a-(v7) a-(o4) a-(o3) a-(o2) a-(o1) a-(o0)
+1/24 t^{o5}_{v0} t^{o0,o1,o2,o6}_{v1,v2,v3,v4} w^{o4,v3,v4}_{o3,o5,o6} a+(o3) a+(v0) a+(v1) a+(v2) a-(o4) a-(o2) a-(o1) a-(o0)
+1/288 t^{o5}_{v0} t^{o0,o1,o2,o6}_{v1,v2,v3,v4} w^{o4,v5,v6}_{o3,o5,o6} a+(o3) a+(v0) a+(v1) a+(v2) a+(v3) a+(v4) a-(v6) a-(v5) a-(o4) a-(o2) a-(o1) a-(o0)
-1/288 t^{o5}_{v0} t^{o0,o1,o2,o6}_{v1,v2,v3,v4} w^{o3,o4,v6}_{o5,o6,v5} a+(v0) a+(v1) a+(v2) a+(v3) a+(v4) a+(v5) a-(v6) a-(o4) a-(o3) a-(o2) a-(o1) a-(o0)
-1/576 t^{o5}_{v0} t^{o0,o1,o6,o7}_{v1,v2,v3,v4} w^{o2,o3,o4}_{o5,o6,o7} a+(v0) a+(v1) a+(v2) a+(v3) a+(v4) a-(o4) a-(o3) a-(o2) a-(o1) a-(o0)
-1/36 t^{o5}_{v0} t^{o0,o1,o2,o6}_{v1,v2,v3,v5} w^{o4,v4,v5}_{o3,o5,o6} a+(o3) a+(v0) a+(v1) a+(v2) a+(v3) a-(v4) a-(o4) a-(o2) a-(o1) a-(o0)
-1/72 t^{o5}_{v0} t^{o0,o1,o2,o6}_{v1,v2,v3,v5} w^{o3,o4,v5}_{o5,o6,v4} a+(v0) a+(v1) a+(v2) a+(v3) a+(v4) a-(o4) a-(o3) a-(o2) a-(o1) a-(o0)
-1/288 t^{o5}_{v0} t^{o0,o1,o2,o3}_{v1,v2,v3,v7} w^{v5,v6,v7}_{o4,o5,v4} a+(o4) a+(v0) a+(v1) a+(v2) a+(v3) a+(v4) a-(v6) a-(v5) a-(o3) a-(o2) a-(o1) a-(o0)
+1/288 t^{o5}_{v0} t^{o0,o1,o2,o3}_{v1,v2,v3,v7} w^{o4,v6,v7}_{o5,v4,v5} a+(v0) a+(v1) a+(v2) a+(v3) a+(v4) a+(v5) a-(v6) a-(o4) a-(o3) a-(o2) a-(o1) a-(o0)
-1/96 t^{o5}_{v0} t^{o0,o1,o2,o3}_{v1,v2,v5,v6} w^{v4,v5,v6}_{o4,o5,v3} a+(o4) a+(v0) a+(v1) a+(v2) a+(v3) a-(v4) a-(o3) a-(o2) a-(o1) a-(o0)
-1/192 t^{o5}_{v0} t^{o0,o1,o2,o3}_{v1,v2,v5,v6} w^{o4,v5,v6}_{o5,v3,v4} a+(v0) a+(v1) a+(v2) a+(v3) a+(v4) a-(o4) a-(o3) a-(o2) a-(o1) a-(o0)
-1/144 t^{o5}_{v0} t^{o0,o1,o2,o3}_{v1,v3,v4,v5} w^{v3,v4,v5}_{o4,o5,v2} a+(o4) a+(v0) a+(v1) a+(v2) a-(o3) a-(o2) a-(o1) a-(o0)
+1/288 t^{o6}_{v0} t^{o0,o1,o2,o3}_{v1,v2,v3,v4} w^{v2,v3,v4}_{o4,o5,o6} a+(o4) a+(o5) a+(v0) a+(v1) a-(o3) a-(o2) a-(o1) a-(o0)
-1/6912 t^{o6}_{v0} t^{o0,o1,o2,o3}_{v1,v2,v3,v4} w^{v5,v6,v7}_{o4,o5,o6} a+(o4) a+(o5) a+(v0) a+(v1) a+(v2) a+(v3) a+(v4) a-(v7) a-(v6) a-(v5) a-(o3) a-(o2) a-(o1) a-(o0)
-1/1152 t^{o6}_{v0} t^{o0,o1,o2,o3}_{v1,v2,v3,v4} w^{o5,v6,v7}_{o4,o6,v5} a+(o4) a+(v0) a+(v1) a+(v2) a+(v3) a+(v4) a+(v5) a-(v7) a-(v6) a-(o5) a-(o3) a-(o2) a-(o1) a-(o0)
-1/2304 t^{o6}_{v0} t^{o0,o1,o2,o3}_{v1,v2,v3,v4} w^{o4,o5,v7}_{o6,v5,v6} a+(v0) a+(v1) a+(v2) a+(v3) a+(v4) a+(v5) a+(v6) a-(v7) a-(o5) a-(o4) a-(o3) a-(o2) a-(o1) a-(o0)
-1/72 t^{o6}_{v0} t^{o0,o1,o2,o7}_{v1,v2,v3,v4} w^{o4,o5,v4}_{o3,o6,o7} a+(o3) a+(v0) a+(v1) a+(v2) a+(v3) a-(o5) a-(o4) a-(o2) a-(o1) a-(o0)
+1/288 t^{o6}_{v0} t^{o0,o1,o2,o7}_{v1,v2,v3,v4} w^{o4,o5,v5}_{o3,o6,o7} a+(o3) a+(v0) a+(v1) a+(v2) a+(v3) a+(v4) a-(v5) a-(o5) a-(o4) a-(o2) a-(o1) a-(o0)
-1/864 t^{o6}_{v0} t^{o0,o1,o2,o7}_{v1,v2,v3,v4} w^{o3,o4,o5}_{o6,o7,v5} a+(v0) a+(v1) a+(v2) a+(v3) a+(v4) a+(v5) a-(o5) a-(o4) a-(o3) a-(o2) a-(o1) a-(o0)
+1/576 t^{o6}_{v0} t^{o0,o1,o2,o3}_{v1,v2,v3,v6} w^{v4,v5,v6}_{o4,o5,o6} a+(o4) a+(o5) a+(v0) a+(v1) a+(v2) a+(v3) a-(v5) a-(v4) a-(o3) a-(o2) a-(o1) a-(o0)
-1/144 t^{o6}_{v0} t^{o0,o1,o2,o3}_{v1,v2,v3,v6} w^{o5,v5,v6}_{o4,o6,v4} a+(o4) a+(v0) a+(v1) a+(v2) a+(v3) a+(v4) a-(v5) a-(o5) a-(o3) a-(o2) a-(o1) a-(o0)
+1/576 t^{o6}_{v0} t^{o0,o1,o2,o3}_{v1,v2,v3,v6} w^{o4,o5,v6}_{o6,v4,v5} a+(v0) a+(v1) a+(v2) a+(v3) a+(v4) a+(v5) a-(o5) a-(o4) a-(o3) a-(o2) a-(o1) a-(o0)
-1/192 t^{o6}_{v0} t^{o0,o1,o2,o3}_{v1,v2,v4,v5} w^{v3,v4,v5}_{o4,o5,o6} a+(o4) a+(o5) a+(v0) a+(v1) a+(v2) a-(v3) a-(o3) a-(o2) a-(o1) a-(o0)
-1/96 t^{o6}_{v0} t^{o0,o1,o2,o3}_{v1,v2,v4,v5} w^{o5,v4,v5}_{o4,o6,v3} a+(o4) a+(v0) a+(v1) a+(v2) a+(v3) a-(o5) a-(o3) a-(o2) a-(o1) a-(o0)
-1/192 t^{o7}_{v0} t^{o0,o1,o2,o3}_{v1,v2,v3,v4} w^{o6,v3,v4}_{o4,o5,o7} a+(o4) a+(o5) a+(v0) a+(v1) a+(v2) a-(o6) a-(o3) a-(o2) a-(o1) a-(o0)
-1/2304 t^{o7}_{v0} t^{o0,o1,o2,o3}_{v1,v2,v3,v4} w^{o6,v5,v6}_{o4,o5,o7} a+(o4) a+(o5) a+(v0) a+(v1) a+(v2) a+(v3) a+(v4) a-(v6) a-(v5) a-(o6) a-(o3) a-(o2) a-(o1) a-(o0)
-1/1152 t^{o7}_{v0} t^{o0,o1,o2,o3}_{v1,v2,v3,v4} w^{o5,o6,v6}_{o4,o7,v5} a+(o4) a+(v0) a+(v1) a+(v2) a+(v3) a+(v4) a+(v5) a-(v6) a-(o6) a-(o5) a-(o3) a-(o2) a-(o1) a-(o0)
-1/6912 t^{o7}_{v0} t^{o0,o1,o2,o3}_{v1,v2,v3,v4} w^{o4,o5,o6}_{o7,v5,v6} a+(v0) a+(v1) a+(v2) a+(v3) a+(v4) a+(v5) a+(v6) a-(o6) a-(o5) a-(o4) a-(o3) a-(o2) a-(o1) a-(o0)
+1/864 t^{o7}_{v0} t^{o0,o1,o2,o8}_{v1,v2,v3,v4} w^{o4,o5,o6}_{o3,o7,o8} a+(o3) a+(v0) a+(v1) a+(v2) a+(v3) a+(v4) a-(o6) a-(o5) a-(o4) a-(o2) a-(o1) a-(o0)
+1/288 t^{o7}_{v0} t^{o0,o1,o2,o3}_{v1,v2,v3,v5} w^{o6,v4,v5}_{o4,o5,o7} a+(o4) a+(o5) a+(v0) a+(v1) a+(v2) a+(v3) a-(v4) a-(o6) a-(o3) a-(o2) a-(o1) a-(o0)
-1/288 t^{o7}_{v0} t^{o0,o1,o2,o3}_{v1,v2,v3,v5} w^{o5,o6,v5}_{o4,o7,v4} a+(o4) a+(v0) a+(v1) a+(v2) a+(v3) a+(v4) a-(o6) a-(o5) a-(o3) a-(o2) a-(o1) a-(o0)
+1/576 t^{o8}_{v0} t^{o0,o1,o2,o3}_{v1,v2,v3,v4} w^{o6,o7,v4}_{o4,o5,o8} a+(o4) a+(o5) a+(v0) a+(v1) a+(v2) a+(v3) a-(o7) a-(o6) a-(o3) a-(o2) a-(o1) a-(o0)
-1/2304 t^{o8}_{v0} t^{o0,o1,o2,o3}_{v1,v2,v3,v4} w^{o6,o7,v5}_{o4,o5,o8} a+(o4) a+(o5) a+(v0) a+(v1) a+(v2) a+(v3) a+(v4) a-(v5) a-(o7) a-(o6) a-(o3) a-(o2) a-(o1) a-(o0)
-1/3456 t^{o8}_{v0} t^{o0,o1,o2,o3}_{v1,v2,v3,v4} w^{o5,o6,o7}_{o4,o8,v5} a+(o4) a+(v0) a+(v1) a+(v2) a+(v3) a+(v4) a+(v5) a-(o7) a-(o6) a-(o5) a-(o3) a-(o2) a-(o1) a-(o0)
-1/6912 t^{o9}_{v0} t^{o0,o1,o2,o3}_{v1,v2,v3,v4} w^{o6,o7,o8}_{o4,o5,o9} a+(o4) a+(o5) a+(v0) a+(v1) a+(v2) a+(v3) a+(v4) a-(o8) a-(o7) a-(o6) a-(o3) a-(o2) a-(o1) a-(o0)
+1/24 t^{o0}_{v2} t^{o1,o2,o3,o4}_{v0,v1,v3,v4} w^{v2,v3,v4}_{o2,o3,o4} a+(v0) a+(v1) a-(o1) a-(o0)
+1/576 t^{o0}_{v2} t^{o1,o2,o3,o4}_{v0,v1,v3,v4} w^{v2,v3,v4}_{o5,o6,o7} a+(o5) a+(o6) a+(o7) a+(v0) a+(v1) a-(o4) a-(o3) a-(o2) a-(o1) a-(o0)
+1/48 t^{o0}_{v2} t^{o1,o2,o3,o6}_{v0,v1,v3,v4} w^{v2,v3,v4}_{o4,o5,o6} a+(o4) a+(o5) a+(v0) a+(v1) a-(o3) a-(o2) a-(o1) a-(o0)
+1/16 t^{o0}_{v2} t^{o1,o2,o4,o5}_{v0,v1,v3,v4} w^{v2,v3,v4}_{o3,o4,o5} a+(o3) a+(v0) a+(v1) a-(o2) a-(o1) a-(o0)
+1/16 t^{o2}_{v2} t^{o0,o1,o3,o4}_{v0,v1,v3,v4} w^{v2,v3,v4}_{o2,o3,o4} a+(v0) a+(v1) a-(o1) a-(o0)
-1/24 t^{o4}_{v2} t^{o0,o1,o2,o5}_{v0,v1,v3,v4} w^{v2,v3,v4}_{o3,o4,o5} a+(o3) a+(v0) a+(v1) a-(o2) a-(o1) a-(o0)
+1/192 t^{o6}_{v2} t^{o0,o1,o2,o3}_{v0,v1,v3,v4} w^{v2,v3,v4}_{o4,o5,o6} a+(o4) a+(o5) a+(v0) a+(v1) a-(o3) a-(o2) a-(o1) a-(o0)
+1/864 t^{o0}_{v3} t^{o1,o2,o3,o4}_{v0,v1,v2,v4} w^{o8,v3,v4}_{o5,o6,o7} a+(o5) a+(o6) a+(o7) a+(v0) a+(v1) a+(v2) a-(o8) a-(o4) a-(o3) a-(o2) a-(o1) a-(o0)
+1/72 t^{o0}_{v3} t^{o1,o2,o3,o7}_{v0,v1,v2,v4} w^{o6,v3,v4}_{o4,o5,o7} a+(o4) a+(o5) a+(v0) a+(v1) a+(v2) a-(o6) a-(o3) a-(o2) a-(o1) a-(o0)
+1/24 t^{o0}_{v3} t^{o1,o2,o5,o6}_{v0,v1,v2,v4} w^{o4,v3,v4}_{o3,o5,o6} a+(o3) a+(v0) a+(v1) a+(v2) a-(o4) a-(o2) a-(o1) a-(o0)
+1/36 t^{o0}_{v3} t^{o1,o3,o4,o5}_{v0,v1,v2,v4} w^{o2,v3,v4}_{o3,o4,o5} a+(v0) a+(v1) a+(v2) a-(o2) a-(o1) a-(o0)
+1/16 t^{o0}_{v3} t^{o1,o2,o3,o4}_{v0,v1,v4,v5} w^{v3,v4,v5}_{o3,o4,v2} a+(v0) a+(v1) a+(v2) a-(o2) a-(o1) a-(o0)
+1/192 t^{o0}_{v3} t^{o1,o2,o3,o4}_{v0,v1,v4,v5} w^{v3,v4,v5}_{o5,o6,v2} a+(o5) a+(o6) a+(v0) a+(v1) a+(v2) a-(o4) a-(o3) a-(o2) a-(o1) a-(o0)
-1/24 t^{o0}_{v3} t^{o1,o2,o3,o5}_{v0,v1,v4,v5} w^{v3,v4,v5}_{o4,o5,v2} a+(o4) a+(v0) a+(v1) a+(v2) a-(o3) a-(o2) a-(o1) a-(o0)
+1/24 t^{o3}_{v3} t^{o0,o1,o4,o5}_{v0,v1,v2,v4} w^{o2,v3,v4}_{o3,o4,o5} a+(v0) a+(v1) a+(v2) a-(o2) a-(o1) a-(o0)
-1/24 t^{o3}_{v3} t^{o0,o1,o2,o4}_{v0,v1,v4,v5} w^{v3,v4,v5}_{o3,o4,v2} a+(v0) a+(v1) a+(v2) a-(o2) a-(o1) a-(o0)
-1/36 t^{o5}_{v3} t^{o0,o1,o2,o6}_{v0,v1,v2,v4} w^{o4,v3,v4}_{o3,o5,o6} a+(o3) a+(v0) a+(v1) a+(v2) a-(o4) a-(o2) a-(o1) a-(o0)
-1/96 t^{o5}_{v3} t^{o0,o1,o2,o3}_{v0,v1,v4,v5} w^{v3,v4,v5}_{o4,o5,v2} a+(o4) a+(v0) a+(v1) a+(v2) a-(o3) a-(o2) a-(o1) a-(o0)
+1/288 t^{o7}_{v3} t^{o0,o1,o2,o3}_{v0,v1,v2,v4} w^{o6,v3,v4}_{o4,o5,o7} a+(o4) a+(o5) a+(v0) a+(v1) a+(v2) a-(o6) a-(o3) a-(o2) a-(o1) a-(o0)
+1/6912 t^{o0}_{v4} t^{o1,o2,o3,o4}_{v0,v1,v2,v3} w^{o8,o9,v4}_{o5,o6,o7} a+(o5) a+(o6) a+(o7) a+(v0) a+(v1) a+(v2) a+(v3) a-(o9) a-(o8) a-(o4) a-(o3) a-(o2) a-(o1) a-(o0)
+1/576 t^{o0}_{v4} t^{o1,o2,o3,o8}_{v0,v1,v2,v3} w^{o6,o7,v4}_{o4,o5,o8} a+(o4) a+(o5) a+(v0) a+(v1) a+(v2) a+(v3) a-(o7) a-(o6) a-(o3) a-(o2) a-(o1) a-(o0)
+1/192 t^{o0}_{v4} t^{o1,o2,o6,o7}_{v0,v1,v2,v3} w^{o4,o5,v4}_{o3,o6,o7} a+(o3) a+(v0) a+(v1) a+(v2) a+(v3) a-(o5) a-(o4) a-(o2) a-(o1) a-(o0)
+1/288 t^{o0}_{v4} t^{o1,o4,o5,o6}_{v0,v1,v2,v3} w^{o2,o3,v4}_{o4,o5,o6} a+(v0) a+(v1) a+(v2) a+(v3) a-(o3) a-(o2) a-(o1) a-(o0)
+1/36 t^{o0}_{v4} t^{o1,o2,o3,o4}_{v0,v1,v2,v5} w^{v3,v4,v5}_{o2,o3,o4} a+(v0) a+(v1) a+(v2) a-(v3) a-(o1) a-(o0)
+1/864 t^{o0}_{v4} t^{o1,o2,o3,o4}_{v0,v1,v2,v5} w^{v3,v4,v5}_{o5,o6,o7} a+(o5) a+(o6) a+(o7) a+(v0) a+(v1) a+(v2) a-(v3) a-(o4) a-(o3) a-(o2) a-(o1) a-(o0)
-1/288 t^{o0}_{v4} t^{o1,o2,o3,o4}_{v0,v1,v2,v5} w^{o7,v4,v5}_{o5,o6,v3} a+(o5) a+(o6) a+(v0) a+(v1) a+(v2) a+(v3) a-(o7) a-(o4) a-(o3) a-(o2) a-(o1) a-(o0)
+1/72 t^{o0}_{v4} t^{o1,o2,o3,o6}_{v0,v1,v2,v5} w^{v3,v4,v5}_{o4,o5,o6} a+(o4) a+(o5) a+(v0) a+(v1) a+(v2) a-(v3) a-(o3) a-(o2) a-(o1) a-(o0)
+1/36 t^{o0}_{v4} t^{o1,o2,o3,o6}_{v0,v1,v2,v5} w^{o5,v4,v5}_{o4,o6,v3} a+(o4) a+(v0) a+(v1) a+(v2) a+(v3) a-(o5) a-(o3) a-(o2) a-(o1) a-(o0)
+1/24 t^{o0}_{v4} t^{o1,o2,o4,o5}_{v0,v1,v2,v5} w^{v3,v4,v5}_{o3,o4,o5} a+(o3) a+(v0) a+(v1) a+(v2) a-(v3) a-(o2) a-(o1) a-(o0)
-1/24 t^{o0}_{v4} t^{o1,o2,o4,o5}_{v0,v1,v2,v5} w^{o3,v4,v5}_{o4,o5,v3} a+(v0) a+(v1) a+(v2) a+(v3) a-(o3) a-(o2) a-(o1) a-(o0)
+1/48 t^{o0}_{v4} t^{o1,o2,o3,o4}_{v0,v1,v5,v6} w^{v4,v5,v6}_{o4,v2,v3} a+(v0) a+(v1) a+(v2) a+(v3) a-(o3) a-(o2) a-(o1) a-(o0)
+1/192 t^{o0}_{v4} t^{o1,o2,o3,o4}_{v0,v1,v5,v6} w^{v4,v5,v6}_{o5,v2,v3} a+(o5) a+(v0) a+(v1) a+(v2) a+(v3) a-(o4) a-(o3) a-(o2) a-(o1) a-(o0)
+1/24 t^{o2}_{v4} t^{o0,o1,o3,o4}_{v0,v1,v2,v5} w^{v3,v4,v5}_{o2,o3,o4} a+(v0) a+(v1) a+(v2) a-(v3) a-(o1) a-(o0)
+1/192 t^{o4}_{v4} t^{o0,o1,o5,o6}_{v0,v1,v2,v3} w^{o2,o3,v4}_{o4,o5,o6} a+(v0) a+(v1) a+(v2) a+(v3) a-(o3) a-(o2) a-(o1) a-(o0)
-1/36 t^{o4}_{v4} t^{o0,o1,o2,o5}_{v0,v1,v2,v5} w^{v3,v4,v5}_{o3,o4,o5} a+(o3) a+(v0) a+(v1) a+(v2) a-(v3) a-(o2) a-(o1) a-(o0)
+1/36 t^{o4}_{v4} t^{o0,o1,o2,o5}_{v0,v1,v2,v5} w^{o3,v4,v5}_{o4,o5,v3} a+(v0) a+(v1) a+(v2) a+(v3) a-(o3) a-(o2) a-(o1) a-(o0)
+1/192 t^{o4}_{v4} t^{o0,o1,o2,o3}_{v0,v1,v5,v6} w^{v4,v5,v6}_{o4,v2,v3} a+(v0) a+(v1) a+(v2) a+(v3) a-(o3) a-(o2) a-(o1) a-(o0)
-1/288 t^{o6}_{v4} t^{o0,o1,o2,o7}_{v0,v1,v2,v3} w^{o4,o5,v4}_{o3,o6,o7} a+(o3) a+(v0) a+(v1) a+(v2) a+(v3) a-(o5) a-(o4) a-(o2) a-(o1) a-(o0)
+1/288 t^{o6}_{v4} t^{o0,o1,o2,o3}_{v0,v1,v2,v5} w^{v3,v4,v5}_{o4,o5,o6} a+(o4) a+(o5) a+(v0) a+(v1) a+(v2) a-(v3) a-(o3) a-(o2) a-(o1) a-(o0)
+1/144 t^{o6}_{v4} t^{o0,o1,o2,o3}_{v0,v1,v2,v5} w^{o5,v4,v5}_{o4,o6,v3} a+(o4) a+(v0) a+(v1) a+(v2) a+(v3) a-(o5) a-(o3) a-(o2) a-(o1) a-(o0)
+1/2304 t^{o8}_{v4} t^{o0,o1,o2,o3}_{v0,v1,v2,v3} w^{o6,o7,v4}_{o4,o5,o8} a+(o4) a+(o5) a+(v0) a+(v1) a+(v2) a+(v3) a-(o7) a-(o6) a-(o3) a-(o2) a-(o1) a-(o0)
+1/3456 t^{o0}_{v5} t^{o1,o2,o3,o4}_{v0,v1,v2,v3} w^{o8,v4,v5}_{o5,o6,o7} a+(o5) a+(o6) a+(o7) a+(v0) a+(v1) a+(v2) a+(v3) a-(v4) a-(o8) a-(o4) a-(o3) a-(o2) a-(o1) a-(o0)
+1/2304 t^{o0}_{v5} t^{o1,o2,o3,o4}_{v0,v1,v2,v3} w^{o7,o8,v5}_{o5,o6,v4} a+(o5) a+(o6) a+(v0) a+(v1) a+(v2) a+(v3) a+(v4) a-(o8) a-(o7) a-(o4) a-(o3) a-(o2) a-(o1) a-(o0)
+1/288 t^{o0}_{v5} t^{o1,o2,o3,o7}_{v0,v1,v2,v3} w^{o6,v4,v5}_{o4,o5,o7} a+(o4) a+(o5) a+(v0) a+(v1) a+(v2) a+(v3) a-(v4) a-(o6) a-(o3) a-(o2) a-(o1) a-(o0)
-1/288 t^{o0}_{v5} t^{o1,o2,o3,o7}_{v0,v1,v2,v3} w^{o5,o6,v5}_{o4,o7,v4} a+(o4) a+(v0) a+(v1) a+(v2) a+(v3) a+(v4) a-(o6) a-(o5) a-(o3) a-(o2) a-(o1) a-(o0)
+1/96 t^{o0}_{v5} t^{o1,o2,o5,o6}_{v0,v1,v2,v3} w^{o4,v4,v5}_{o3,o5,o6} a+(o3) a+(v0) a+(v1) a+(v2) a+(v3) a-(v4) a-(o4) a-(o2) a-(o1) a-(o0)
+1/192 t^{o0}_{v5} t^{o1,o2,o5,o6}_{v0,v1,v2,v3} w^{o3,o4,v5}_{o5,o6,v4} a+(v0) a+(v1) a+(v2) a+(v3) a+(v4) a-(o4) a-(o3) a-(o2) a-(o1) a-(o0)
+1/144 t^{o0}_{v5} t^{o1,o3,o4,o5}_{v0,v1,v2,v3} w^{o2,v4,v5}_{o3,o4,o5} a+(v0) a+(v1) a+(v2) a+(v3) a-(v4) a-(o2) a-(o1) a-(o0)
-1/24 t^{o0}_{v5} t^{o1,o2,o3,o4}_{v0,v1,v2,v6} w^{v4,v5,v6}_{o3,o4,v3} a+(v0) a+(v1) a+(v2) a+(v3) a-(v4) a-(o2) a-(o1) a-(o0)
-1/288 t^{o0}_{v5} t^{o1,o2,o3,o4}_{v0,v1,v2,v6} w^{v4,v5,v6}_{o5,o6,v3} a+(o5) a+(o6) a+(v0) a+(v1) a+(v2) a+(v3) a-(v4) a-(o4) a-(o3) a-(o2) a-(o1) a-(o0)
+1/288 t^{o0}_{v5} t^{o1,o2,o3,o4}_{v0,v1,v2,v6} w^{o6,v5,v6}_{o5,v3,v4} a+(o5) a+(v0) a+(v1) a+(v2) a+(v3) a+(v4) a-(o6) a-(o4) a-(o3) a-(o2) a-(o1) a-(o0)
+1/36 t^{o0}_{v5} t^{o1,o2,o3,o5}_{v0,v1,v2,v6} w^{v4,v5,v6}_{o4,o5,v3} a+(o4) a+(v0) a+(v1) a+(v2) a+(v3) a-(v4) a-(o3) a-(o2) a-(o1) a-(o0)
+1/72 t^{o0}_{v5} t^{o1,o2,o3,o5}_{v0,v1,v2,v6} w^{o4,v5,v6}_{o5,v3,v4} a+(v0) a+(v1) a+(v2) a+(v3) a+(v4) a-(o4) a-(o3) a-(o2) a-(o1) a-(o0)
+1/576 t^{o0}_{v5} t^{o1,o2,o3,o4}_{v0,v1,v6,v7} w^{v5,v6,v7}_{v2,v3,v4} a+(v0) a+(v1) a+(v2) a+(v3) a+(v4) a-(o4) a-(o3) a-(o2) a-(o1) a-(o0)
+1/96 t^{o3}_{v5} t^{o0,o1,o4,o5}_{v0,v1,v2,v3} w^{o2,v4,v5}_{o3,o4,o5} a+(v0) a+(v1) a+(v2) a+(v3) a-(v4) a-(o2) a-(o1) a-(o0)
+1/36 t^{o3}_{v5} t^{o0,o1,o2,o4}_{v0,v1,v2,v6} w^{v4,v5,v6}_{o3,o4,v3} a+(v0) a+(v1) a+(v2) a+(v3) a-(v4) a-(o2) a-(o1) a-(o0)
-1/144 t^{o5}_{v5} t^{o0,o1,o2,o6}_{v0,v1,v2,v3} w^{o4,v4,v5}_{o3,o5,o6} a+(o3) a+(v0) a+(v1) a+(v2) a+(v3) a-(v4) a-(o4) a-(o2) a-(o1) a-(o0)
-1/288 t^{o5}_{v5} t^{o0,o1,o2,o6}_{v0,v1,v2,v3} w^{o3,o4,v5}_{o5,o6,v4} a+(v0) a+(v1) a+(v2) a+(v3) a+(v4) a-(o4) a-(o3) a-(o2) a-(o1) a-(o0)
+1/144 t^{o5}_{v5} t^{o0,o1,o2,o3}_{v0,v1,v2,v6} w^{v4,v5,v6}_{o4,o5,v3} a+(o4) a+(v0) a+(v1) a+(v2) a+(v3) a-(v4) a-(o3) a-(o2) a-(o1) a-(o0)
+1/288 t^{o5}_{v5} t^{o0,o1,o2,o3}_{v0,v1,v2,v6} w^{o4,v5,v6}_{o5,v3,v4} a+(v0) a+(v1) a+(v2) a+(v3) a+(v4) a-(o4) a-(o3) a-(o2) a-(o1) a-(o0)
+1/1152 t^{o7}_{v5} t^{o0,o1,o2,o3}_{v0,v1,v2,v3} w^{o6,v4,v5}_{o4,o5,o7} a+(o4) a+(o5) a+(v0) a+(v1) a+(v2) a+(v3) a-(v4) a-(o6) a-(o3) a-(o2) a-(o1) a-(o0)
-1/1152 t^{o7}_{v5} t^{o0,o1,o2,o3}_{v0,v1,v2,v3} w^{o5,o6,v5}_{o4,o7,v4} a+(o4) a+(v0) a+(v1) a+(v2) a+(v3) a+(v4) a-(o6) a-(o5) a-(o3) a-(o2) a-(o1) a-(o0)
+1/288 t^{o0}_{v6} t^{o1,o2,o3,o4}_{v0,v1,v2,v3} w^{v4,v5,v6}_{o2,o3,o4} a+(v0) a+(v1) a+(v2) a+(v3) a-(v5) a-(v4) a-(o1) a-(o0)
+1/6912 t^{o0}_{v6} t^{o1,o2,o3,o4}_{v0,v1,v2,v3} w^{v4,v5,v6}_{o5,o6,o7} a+(o5) a+(o6) a+(o7) a+(v0) a+(v1) a+(v2) a+(v3) a-(v5) a-(v4) a-(o4) a-(o3) a-(o2) a-(o1) a-(o0)
+1/1152 t^{o0}_{v6} t^{o1,o2,o3,o4}_{v0,v1,v2,v3} w^{o7,v5,v6}_{o5,o6,v4} a+(o5) a+(o6) a+(v0) a+(v1) a+(v2) a+(v3) a+(v4) a-(v5) a-(o7) a-(o4) a-(o3) a-(o2) a-(o1) a-(o0)
+1/2304 t^{o0}_{v6} t^{o1,o2,o3,o4}_{v0,v1,v2,v3} w^{o6,o7,v6}_{o5,v4,v5} a+(o5) a+(v0) a+(v1) a+(v2) a+(v3) a+(v4) a+(v5) a-(o7) a-(o6) a-(o4) a-(o3) a-(o2) a-(o1) a-(o0)
+1/576 t^{o0}_{v6} t^{o1,o2,o3,o6}_{v0,v1,v2,v3} w^{v4,v5,v6}_{o4,o5,o6} a+(o4) a+(o5) a+(v0) a+(v1) a+(v2) a+(v3) a-(v5) a-(v4) a-(o3) a-(o2) a-(o1) a-(o0)
-1/144 t^{o0}_{v6} t^{o1,o2,o3,o6}_{v0,v1,v2,v3} w^{o5,v5,v6}_{o4,o6,v4} a+(o4) a+(v0) a+(v1) a+(v2) a+(v3) a+(v4) a-(v5) a-(o5) a-(o3) a-(o2) a-(o1) a-(o0)
+1/576 t^{o0}_{v6} t^{o1,o2,o3,o6}_{v0,v1,v2,v3} w^{o4,o5,v6}_{o6,v4,v5} a+(v0) a+(v1) a+(v2) a+(v3) a+(v4) a+(v5) a-(o5) a-(o4) a-(o3) a-(o2) a-(o1) a-(o0)
+1/192 t^{o0}_{v6} t^{o1,o2,o4,o5}_{v0,v1,v2,v3} w^{v4,v5,v6}_{o3,o4,o5} a+(o3) a+(v0) a+(v1) a+(v2) a+(v3) a-(v5) a-(v4) a-(o2) a-(o1) a-(o0)
+1/96 t^{o0}_{v6} t^{o1,o2,o4,o5}_{v0,v1,v2,v3} w^{o3,v5,v6}_{o4,o5,v4} a+(v0) a+(v1) a+(v2) a+(v3) a+(v4) a-(v5) a-(o3) a-(o2) a-(o1) a-(o0)
+1/72 t^{o0}_{v6} t^{o1,o2,o3,o4}_{v0,v1,v2,v7} w^{v5,v6,v7}_{o4,v3,v4} a+(v0) a+(v1) a+(v2) a+(v3) a+(v4) a-(v5) a-(o3) a-(o2) a-(o1) a-(o0)
+1/288 t^{o0}_{v6} t^{o1,o2,o3,o4}_{v0,v1,v2,v7} w^{v5,v6,v7}_{o5,v3,v4} a+(o5) a+(v0) a+(v1) a+(v2) a+(v3) a+(v4) a-(v5) a-(o4) a-(o3) a-(o2) a-(o1) a-(o0)
-1/864 t^{o0}_{v6} t^{o1,o2,o3,o4}_{v0,v1,v2,v7} w^{o5,v6,v7}_{v3,v4,v5} a+(v0) a+(v1) a+(v2) a+(v3) a+(v4) a+(v5) a-(o5) a-(o4) a-(o3) a-(o2) a-(o1) a-(o0)
+1/192 t^{o2}_{v6} t^{o0,o1,o3,o4}_{v0,v1,v2,v3} w^{v4,v5,v6}_{o2,o3,o4} a+(v0) a+(v1) a+(v2) a+(v3) a-(v5) a-(v4) a-(o1) a-(o0)
-1/288 t^{o4}_{v6} t^{o0,o1,o2,o5}_{v0,v1,v2,v3} w^{v4,v5,v6}_{o3,o4,o5} a+(o3) a+(v0) a+(v1) a+(v2) a+(v3) a-(v5) a-(v4) a-(o2) a-(o1) a-(o0)
-1/144 t^{o4}_{v6} t^{o0,o1,o2,o5}_{v0,v1,v2,v3} w^{o3,v5,v6}_{o4,o5,v4} a+(v0) a+(v1) a+(v2) a+(v3) a+(v4) a-(v5) a-(o3) a-(o2) a-(o1) a-(o0)
+1/288 t^{o4}_{v6} t^{o0,o1,o2,o3}_{v0,v1,v2,v7} w^{v5,v6,v7}_{o4,v3,v4} a+(v0) a+(v1) a+(v2) a+(v3) a+(v4) a-(v5) a-(o3) a-(o2) a-(o1) a-(o0)
+1/2304 t^{o6}_{v6} t^{o0,o1,o2,o3}_{v0,v1,v2,v3} w^{v4,v5,v6}_{o4,o5,o6} a+(o4) a+(o5) a+(v0) a+(v1) a+(v2) a+(v3) a-(v5) a-(v4) a-(o3) a-(o2) a-(o1) a-(o0)
-1/576 t^{o6}_{v6} t^{o0,o1,o2,o3}_{v0,v1,v2,v3} w^{o5,v5,v6}_{o4,o6,v4} a+(o4) a+(v0) a+(v1) a+(v2) a+(v3) a+(v4) a-(v5) a-(o5) a-(o3) a-(o2) a-(o1) a-(o0)
+1/2304 t^{o6}_{v6} t^{o0,o1,o2,o3}_{v0,v1,v2,v3} w^{o4,o5,v6}_{o6,v4,v5} a+(v0) a+(v1) a+(v2) a+(v3) a+(v4) a+(v5) a-(o5) a-(o4) a-(o3) a-(o2) a-(o1) a-(o0)
+1/192 t^{o0}_{v7} t^{o1,o2,o3,o4}_{v0,v1,v2,v3} w^{v5,v6,v7}_{o3,o4,v4} a+(v0) a+(v1) a+(v2) a+(v3) a+(v4) a-(v6) a-(v5) a-(o2) a-(o1) a-(o0)
+1/2304 t^{o0}_{v7} t^{o1,o2,o3,o4}_{v0,v1,v2,v3} w^{v5,v6,v7}_{o5,o6,v4} a+(o5) a+(o6) a+(v0) a+(v1) a+(v2) a+(v3) a+(v4) a-(v6) a-(v5) a-(o4) a-(o3) a-(o2) a-(o1) a-(o0)
+1/1152 t^{o0}_{v7} t^{o1,o2,o3,o4}_{v0,v1,v2,v3} w^{o6,v6,v7}_{o5,v4,v5} a+(o5) a+(v0) a+(v1) a+(v2) a+(v3) a+(v4) a+(v5) a-(v6) a-(o6) a-(o4) a-(o3) a-(o2) a-(o1) a-(o0)
+1/6912 t^{o0}_{v7} t^{o1,o2,o3,o4}_{v0,v1,v2,v3} w^{o5,o6,v7}_{v4,v5,v6} a+(v0) a+(v1) a+(v2) a+(v3) a+(v4) a+(v5) a+(v6) a-(o6) a-(o5) a-(o4) a-(o3) a-(o2) a-(o1) a-(o0)
-1/288 t^{o0}_{v7} t^{o1,o2,o3,o5}_{v0,v1,v2,v3} w^{v5,v6,v7}_{o4,o5,v4} a+(o4) a+(v0) a+(v1) a+(v2) a+(v3) a+(v4) a-(v6) a-(v5) a-(o3) a-(o2) a-(o1) a-(o0)
+1/288 t^{o0}_{v7} t^{o1,o2,o3,o5}_{v0,v1,v2,v3} w^{o4,v6,v7}_{o5,v4,v5} a+(v0) a+(v1) a+(v2) a+(v3) a+(v4) a+(v5) a-(v6) a-(o4) a-(o3) a-(o2) a-(o1) a-(o0)
-1/864 t^{o0}_{v7} t^{o1,o2,o3,o4}_{v0,v1,v2,v8} w^{v6,v7,v8}_{v3,v4,v5} a+(v0) a+(v1) a+(v2) a+(v3) a+(v4) a+(v5) a-(v6) a-(o4) a-(o3) a-(o2) a-(o1) a-(o0)
-1/288 t^{o3}_{v7} t^{o0,o1,o2,o4}_{v0,v1,v2,v3} w^{v5,v6,v7}_{o3,o4,v4} a+(v0) a+(v1) a+(v2) a+(v3) a+(v4) a-(v6) a-(v5) a-(o2) a-(o1) a-(o0)
-1/1152 t^{o5}_{v7} t^{o0,o1,o2,o3}_{v0,v1,v2,v3} w^{v5,v6,v7}_{o4,o5,v4} a+(o4) a+(v0) a+(v1) a+(v2) a+(v3) a+(v4) a-(v6) a-(v5) a-(o3) a-(o2) a-(o1) a-(o0)
+1/1152 t^{o5}_{v7} t^{o0,o1,o2,o3}_{v0,v1,v2,v3} w^{o4,v6,v7}_{o5,v4,v5} a+(v0) a+(v1) a+(v2) a+(v3) a+(v4) a+(v5) a-(v6) a-(o4) a-(o3) a-(o2) a-(o1) a-(o0)
+1/576 t^{o0}_{v8} t^{o1,o2,o3,o4}_{v0,v1,v2,v3} w^{v6,v7,v8}_{o4,v4,v5} a+(v0) a+(v1) a+(v2) a+(v3) a+(v4) a+(v5) a-(v7) a-(v6) a-(o3) a-(o2) a-(o1) a-(o0)
+1/2304 t^{o0}_{v8} t^{o1,o2,o3,o4}_{v0,v1,v2,v3} w^{v6,v7,v8}_{o5,v4,v5} a+(o5) a+(v0) a+(v1) a+(v2) a+(v3) a+(v4) a+(v5) a-(v7) a-(v6) a-(o4) a-(o3) a-(o2) a-(o1) a-(o0)
+1/3456 t^{o0}_{v8} t^{o1,o2,o3,o4}_{v0,v1,v2,v3} w^{o5,v7,v8}_{v4,v5,v6} a+(v0) a+(v1) a+(v2) a+(v3) a+(v4) a+(v5) a+(v6) a-(v7) a-(o5) a-(o4) a-(o3) a-(o2) a-(o1) a-(o0)
+1/2304 t^{o4}_{v8} t^{o0,o1,o2,o3}_{v0,v1,v2,v3} w^{v6,v7,v8}_{o4,v4,v5} a+(v0) a+(v1) a+(v2) a+(v3) a+(v4) a+(v5) a-(v7) a-(v6) a-(o3) a-(o2) a-(o1) a-(o0)
+1/6912 t^{o0}_{v9} t^{o1,o2,o3,o4}_{v0,v1,v2,v3} w^{v7,v8,v9}_{v4,v5,v6} a+(v0) a+(v1) a+(v2) a+(v3) a+(v4) a+(v5) a+(v6) a-(v8) a-(v7) a-(o4) a-(o3) a-(o2) a-(o1) a-(o0)